Component: ARM Compiler 5.06 update 6 (build 750) Tool: armlink [4d35ed]

==============================================================================

Section Cross References

    startup_stm32h723xx.o(RESET) refers to startup_stm32h723xx.o(STACK) for __initial_sp
    startup_stm32h723xx.o(RESET) refers to startup_stm32h723xx.o(.text) for Reset_Handler
    startup_stm32h723xx.o(RESET) refers to stm32h7xx_it.o(i.NMI_Handler) for NMI_Handler
    startup_stm32h723xx.o(RESET) refers to stm32h7xx_it.o(i.HardFault_Handler) for HardFault_Handler
    startup_stm32h723xx.o(RESET) refers to stm32h7xx_it.o(i.MemManage_Handler) for MemManage_Handler
    startup_stm32h723xx.o(RESET) refers to stm32h7xx_it.o(i.BusFault_Handler) for BusFault_Handler
    startup_stm32h723xx.o(RESET) refers to stm32h7xx_it.o(i.UsageFault_Handler) for UsageFault_Handler
    startup_stm32h723xx.o(RESET) refers to stm32h7xx_it.o(i.SVC_Handler) for SVC_Handler
    startup_stm32h723xx.o(RESET) refers to stm32h7xx_it.o(i.DebugMon_Handler) for DebugMon_Handler
    startup_stm32h723xx.o(RESET) refers to stm32h7xx_it.o(i.PendSV_Handler) for PendSV_Handler
    startup_stm32h723xx.o(RESET) refers to stm32h7xx_it.o(i.SysTick_Handler) for SysTick_Handler
    startup_stm32h723xx.o(RESET) refers to stm32h7xx_it.o(i.DMA2_Stream7_IRQHandler) for DMA2_Stream7_IRQHandler
    startup_stm32h723xx.o(RESET) refers to stm32h7xx_it.o(i.DCMI_PSSI_IRQHandler) for DCMI_PSSI_IRQHandler
    startup_stm32h723xx.o(.text) refers to system_stm32h7xx.o(i.SystemInit) for SystemInit
    startup_stm32h723xx.o(.text) refers to entry.o(.ARM.Collect$$$$00000000) for __main
    main.o(i.LCD_DisplayBottomCenterFPS) refers to printfa.o(i.__0sprintf) for __2sprintf
    main.o(i.LCD_DisplayBottomCenterFPS) refers to strlen.o(.text) for strlen
    main.o(i.LCD_DisplayBottomCenterFPS) refers to lcd_spi_200.o(i._LCD_DisplayString) for _LCD_DisplayString
    main.o(i.LCD_DisplayBottomCenterFPS) refers to main.o(.RAM_D1) for Camera_Buffer
    main.o(i.LCD_DisplayCenter) refers to strlen.o(.text) for strlen
    main.o(i.LCD_DisplayCenter) refers to lcd_spi_200.o(i._LCD_DisplayString) for _LCD_DisplayString
    main.o(i.MPU_Config) refers to stm32h7xx_hal_cortex.o(i.HAL_MPU_Disable) for HAL_MPU_Disable
    main.o(i.MPU_Config) refers to stm32h7xx_hal_cortex.o(i.HAL_MPU_ConfigRegion) for HAL_MPU_ConfigRegion
    main.o(i.MPU_Config) refers to stm32h7xx_hal_cortex.o(i.HAL_MPU_Enable) for HAL_MPU_Enable
    main.o(i.SystemClock_Config) refers to memseta.o(.text) for __aeabi_memclr4
    main.o(i.SystemClock_Config) refers to stm32h7xx_hal_pwr_ex.o(i.HAL_PWREx_ConfigSupply) for HAL_PWREx_ConfigSupply
    main.o(i.SystemClock_Config) refers to stm32h7xx_hal_rcc.o(i.HAL_RCC_OscConfig) for HAL_RCC_OscConfig
    main.o(i.SystemClock_Config) refers to main.o(i.Error_Handler) for Error_Handler
    main.o(i.SystemClock_Config) refers to stm32h7xx_hal_rcc.o(i.HAL_RCC_ClockConfig) for HAL_RCC_ClockConfig
    main.o(i.SystemClock_Config) refers to stm32h7xx_hal_rcc_ex.o(i.HAL_RCCEx_PeriphCLKConfig) for HAL_RCCEx_PeriphCLKConfig
    main.o(i.main) refers to main.o(i.MPU_Config) for MPU_Config
    main.o(i.main) refers to stm32h7xx_hal.o(i.HAL_Init) for HAL_Init
    main.o(i.main) refers to main.o(i.SystemClock_Config) for SystemClock_Config
    main.o(i.main) refers to lcd_spi_200.o(i.SPI_LCD_Init) for SPI_LCD_Init
    main.o(i.main) refers to dcmi_ov5640.o(i.DCMI_OV5640_Init) for DCMI_OV5640_Init
    main.o(i.main) refers to dcmi_ov5640.o(i.OV5640_AF_Download_Firmware) for OV5640_AF_Download_Firmware
    main.o(i.main) refers to dcmi_ov5640.o(i.OV5640_AF_Trigger_Constant) for OV5640_AF_Trigger_Constant
    main.o(i.main) refers to dcmi_ov5640.o(i.OV5640_DMA_Transmit_Continuous) for OV5640_DMA_Transmit_Continuous
    main.o(i.main) refers to lcd_spi_200.o(i.LCD_SetAsciiFont) for LCD_SetAsciiFont
    main.o(i.main) refers to lcd_spi_200.o(i.LCD_SetColor) for LCD_SetColor
    main.o(i.main) refers to gpio.o(i.MX_GPIO_Init) for MX_GPIO_Init
    main.o(i.main) refers to crc.o(i.MX_CRC_Init) for MX_CRC_Init
    main.o(i.main) refers to usart.o(i.MX_USART1_UART_Init) for MX_USART1_UART_Init
    main.o(i.main) refers to app_x-cube-ai.o(i.MX_X_CUBE_AI_Init) for MX_X_CUBE_AI_Init
    main.o(i.main) refers to printfa.o(i.__0printf) for __2printf
    main.o(i.main) refers to main.o(i.Get_Detect_Img) for Get_Detect_Img
    main.o(i.main) refers to app_x-cube-ai.o(i.MX_X_CUBE_AI_Process) for MX_X_CUBE_AI_Process
    main.o(i.main) refers to lcd_spi_200.o(i._LCD_DrawRect) for _LCD_DrawRect
    main.o(i.main) refers to main.o(i.LCD_DisplayCenter) for LCD_DisplayCenter
    main.o(i.main) refers to main.o(i.LCD_DisplayBottomCenterFPS) for LCD_DisplayBottomCenterFPS
    main.o(i.main) refers to lcd_spi_200.o(i.LCD_CopyBuffer) for LCD_CopyBuffer
    main.o(i.main) refers to stm32h7xx_hal_gpio.o(i.HAL_GPIO_TogglePin) for HAL_GPIO_TogglePin
[...]
    HAL_GPIO_TogglePin                       0x08003cc5   Thumb Code    20  stm32h7xx_hal_gpio.o(i.HAL_GPIO_TogglePin)
    HAL_GPIO_WritePin                        0x08003cd9   Thumb Code    12  stm32h7xx_hal_gpio.o(i.HAL_GPIO_WritePin)
    HAL_GetTick                              0x08003ce5   Thumb Code     6  stm32h7xx_hal.o(i.HAL_GetTick)
    HAL_IncTick                              0x08003cf1   Thumb Code    16  stm32h7xx_hal.o(i.HAL_IncTick)
    HAL_Init                                 0x08003d09   Thumb Code    80  stm32h7xx_hal.o(i.HAL_Init)
    HAL_InitTick                             0x08003d69   Thumb Code    74  stm32h7xx_hal.o(i.HAL_InitTick)
    HAL_MPU_ConfigRegion                     0x08003dc1   Thumb Code    88  stm32h7xx_hal_cortex.o(i.HAL_MPU_ConfigRegion)
    HAL_MPU_Disable                          0x08003e1d   Thumb Code    38  stm32h7xx_hal_cortex.o(i.HAL_MPU_Disable)
    HAL_MPU_Enable                           0x08003e49   Thumb Code    58  stm32h7xx_hal_cortex.o(i.HAL_MPU_Enable)
    HAL_MspInit                              0x08003e89   Thumb Code    32  stm32h7xx_hal_msp.o(i.HAL_MspInit)
    HAL_NVIC_EnableIRQ                       0x08003ead   Thumb Code    40  stm32h7xx_hal_cortex.o(i.HAL_NVIC_EnableIRQ)
    HAL_NVIC_SetPriority                     0x08003ed5   Thumb Code   122  stm32h7xx_hal_cortex.o(i.HAL_NVIC_SetPriority)
    HAL_NVIC_SetPriorityGrouping             0x08003f51   Thumb Code    32  stm32h7xx_hal_cortex.o(i.HAL_NVIC_SetPriorityGrouping)
    HAL_PWREx_ConfigSupply                   0x08003f79   Thumb Code    90  stm32h7xx_hal_pwr_ex.o(i.HAL_PWREx_ConfigSupply)
    HAL_RCCEx_GetD3PCLK1Freq                 0x08003fd9   Thumb Code    26  stm32h7xx_hal_rcc_ex.o(i.HAL_RCCEx_GetD3PCLK1Freq)
    HAL_RCCEx_GetPLL2ClockFreq               0x08003ffd   Thumb Code   536  stm32h7xx_hal_rcc_ex.o(i.HAL_RCCEx_GetPLL2ClockFreq)
    HAL_RCCEx_GetPLL3ClockFreq               0x0800422d   Thumb Code   536  stm32h7xx_hal_rcc_ex.o(i.HAL_RCCEx_GetPLL3ClockFreq)
    HAL_RCCEx_PeriphCLKConfig                0x0800445d   Thumb Code  3272  stm32h7xx_hal_rcc_ex.o(i.HAL_RCCEx_PeriphCLKConfig)
    HAL_RCC_ClockConfig                      0x08005125   Thumb Code   774  stm32h7xx_hal_rcc.o(i.HAL_RCC_ClockConfig)
    HAL_RCC_GetHCLKFreq                      0x08005445   Thumb Code    60  stm32h7xx_hal_rcc.o(i.HAL_RCC_GetHCLKFreq)
    HAL_RCC_GetPCLK1Freq                     0x08005491   Thumb Code    26  stm32h7xx_hal_rcc.o(i.HAL_RCC_GetPCLK1Freq)
    HAL_RCC_GetPCLK2Freq                     0x080054b5   Thumb Code    26  stm32h7xx_hal_rcc.o(i.HAL_RCC_GetPCLK2Freq)
    HAL_RCC_GetSysClockFreq                  0x080054d9   Thumb Code   524  stm32h7xx_hal_rcc.o(i.HAL_RCC_GetSysClockFreq)
    HAL_RCC_OscConfig                        0x08005705   Thumb Code  1874  stm32h7xx_hal_rcc.o(i.HAL_RCC_OscConfig)
    HAL_SPI_Init                             0x08005e61   Thumb Code   420  stm32h7xx_hal_spi.o(i.HAL_SPI_Init)
    HAL_SPI_MspInit                          0x08006011   Thumb Code   218  lcd_spi_200.o(i.HAL_SPI_MspInit)
    HAL_SPI_Transmit                         0x080060f9   Thumb Code   724  stm32h7xx_hal_spi.o(i.HAL_SPI_Transmit)
    HAL_SYSTICK_Config                       0x080063cd   Thumb Code    52  stm32h7xx_hal_cortex.o(i.HAL_SYSTICK_Config)
    HAL_UARTEx_DisableFifoMode               0x08006401   Thumb Code    78  stm32h7xx_hal_uart_ex.o(i.HAL_UARTEx_DisableFifoMode)
    HAL_UARTEx_SetRxFifoThreshold            0x0800644f   Thumb Code    94  stm32h7xx_hal_uart_ex.o(i.HAL_UARTEx_SetRxFifoThreshold)
    HAL_UARTEx_SetTxFifoThreshold            0x080064ad   Thumb Code    94  stm32h7xx_hal_uart_ex.o(i.HAL_UARTEx_SetTxFifoThreshold)
    HAL_UART_Init                            0x0800650b   Thumb Code   120  stm32h7xx_hal_uart.o(i.HAL_UART_Init)
    HAL_UART_MspInit                         0x08006585   Thumb Code   144  usart.o(i.HAL_UART_MspInit)
    HAL_UART_Transmit                        0x08006621   Thumb Code   194  stm32h7xx_hal_uart.o(i.HAL_UART_Transmit)
    HardFault_Handler                        0x080066e3   Thumb Code     4  stm32h7xx_it.o(i.HardFault_Handler)
    LCD_Clear                                0x080066e9   Thumb Code    82  lcd_spi_200.o(i.LCD_Clear)
    LCD_CopyBuffer                           0x08006749   Thumb Code    82  lcd_spi_200.o(i.LCD_CopyBuffer)
    LCD_DisplayBottomCenterFPS               0x080067a5   Thumb Code    48  main.o(i.LCD_DisplayBottomCenterFPS)
    LCD_DisplayCenter                        0x080067e1   Thumb Code    44  main.o(i.LCD_DisplayCenter)
    LCD_SPI_Transmit                         0x0800680d   Thumb Code   390  lcd_spi_200.o(i.LCD_SPI_Transmit)
    LCD_SPI_TransmitBuffer                   0x08006993   Thumb Code   328  lcd_spi_200.o(i.LCD_SPI_TransmitBuffer)
    LCD_SetAddress                           0x08006add   Thumb Code    82  lcd_spi_200.o(i.LCD_SetAddress)
    LCD_SetAsciiFont                         0x08006b35   Thumb Code     6  lcd_spi_200.o(i.LCD_SetAsciiFont)
    LCD_SetBackColor                         0x08006b41   Thumb Code    36  lcd_spi_200.o(i.LCD_SetBackColor)
    LCD_SetColor                             0x08006b69   Thumb Code    36  lcd_spi_200.o(i.LCD_SetColor)
    LCD_SetDirection                         0x08006b91   Thumb Code   150  lcd_spi_200.o(i.LCD_SetDirection)
    LCD_ShowNumMode                          0x08006c2d   Thumb Code     6  lcd_spi_200.o(i.LCD_ShowNumMode)
    LCD_WriteCommand                         0x08006c39   Thumb Code    30  lcd_spi_200.o(i.LCD_WriteCommand)
    LCD_WriteData_16bit                      0x08006c61   Thumb Code    42  lcd_spi_200.o(i.LCD_WriteData_16bit)
    LCD_WriteData_8bit                       0x08006c95   Thumb Code    28  lcd_spi_200.o(i.LCD_WriteData_8bit)
    MPU_Config                               0x08006cb9   Thumb Code    90  main.o(i.MPU_Config)
    MX_CRC_Init                              0x08006d15   Thumb Code    42  crc.o(i.MX_CRC_Init)
    MX_DCMI_Init                             0x08006d49   Thumb Code    60  dcmi_ov5640.o(i.MX_DCMI_Init)
    MX_GPIO_Init                             0x08006d8d   Thumb Code   192  gpio.o(i.MX_GPIO_Init)
    MX_SPI6_Init                             0x08006e55   Thumb Code    80  lcd_spi_200.o(i.MX_SPI6_Init)
    MX_USART1_UART_Init                      0x08006ead   Thumb Code    98  usart.o(i.MX_USART1_UART_Init)
    MX_X_CUBE_AI_Init                        0x08006f19   Thumb Code    16  app_x-cube-ai.o(i.MX_X_CUBE_AI_Init)
    MX_X_CUBE_AI_Process                     0x08006f45   Thumb Code    60  app_x-cube-ai.o(i.MX_X_CUBE_AI_Process)
    MY_SPI_CloseTransfer                     0x08006f9d   Thumb Code   214  lcd_spi_200.o(i.MY_SPI_CloseTransfer)
    MY_SPI_WaitOnFlagUntilTimeout            0x08007073   Thumb Code    64  lcd_spi_200.o(i.MY_SPI_WaitOnFlagUntilTimeout)
    MemManage_Handler                        0x080070b3   Thumb Code     4  stm32h7xx_it.o(i.MemManage_Handler)
    NMI_Handler                              0x080070b7   Thumb Code     4  stm32h7xx_it.o(i.NMI_Handler)
    OV5640_AF_Download_Firmware              0x080070bd   Thumb Code   100  dcmi_ov5640.o(i.OV5640_AF_Download_Firmware)
    OV5640_AF_Trigger_Constant               0x08007175   Thumb Code    14  dcmi_ov5640.o(i.OV5640_AF_Trigger_Constant)
    OV5640_Config                            0x08007185   Thumb Code    38  dcmi_ov5640.o(i.OV5640_Config)
    OV5640_DCMI_Crop                         0x080071b1   Thumb Code    90  dcmi_ov5640.o(i.OV5640_DCMI_Crop)
    OV5640_DMA_Init                          0x08007211   Thumb Code   122  dcmi_ov5640.o(i.OV5640_DMA_Init)
    OV5640_DMA_Transmit_Continuous           0x0800729d   Thumb Code    32  dcmi_ov5640.o(i.OV5640_DMA_Transmit_Continuous)
    OV5640_Delay                             0x080072c5   Thumb Code    42  dcmi_ov5640.o(i.OV5640_Delay)
    OV5640_ReadID                            0x080072ef   Thumb Code    28  dcmi_ov5640.o(i.OV5640_ReadID)
    OV5640_Reset                             0x0800730d   Thumb Code    60  dcmi_ov5640.o(i.OV5640_Reset)
    OV5640_Set_Framesize                     0x0800734d   Thumb Code    80  dcmi_ov5640.o(i.OV5640_Set_Framesize)
    OV5640_Set_Pixformat                     0x0800739d   Thumb Code   246  dcmi_ov5640.o(i.OV5640_Set_Pixformat)
    PendSV_Handler                           0x08007493   Thumb Code     2  stm32h7xx_it.o(i.PendSV_Handler)
    SCCB_ACK                                 0x080077c1   Thumb Code    84  sccb.o(i.SCCB_ACK)
    SCCB_Delay                               0x08007819   Thumb Code    38  sccb.o(i.SCCB_Delay)
    SCCB_GPIO_Config                         0x08007841   Thumb Code   134  sccb.o(i.SCCB_GPIO_Config)
    SCCB_NoACK                               0x080078d1   Thumb Code    72  sccb.o(i.SCCB_NoACK)
    SCCB_ReadByte                            0x0800791d   Thumb Code    92  sccb.o(i.SCCB_ReadByte)
    SCCB_ReadReg_16Bit                       0x0800797d   Thumb Code    52  sccb.o(i.SCCB_ReadReg_16Bit)
    SCCB_Start                               0x080079b1   Thumb Code    66  sccb.o(i.SCCB_Start)
    SCCB_Stop                                0x080079f9   Thumb Code    72  sccb.o(i.SCCB_Stop)
    SCCB_WaitACK                             0x08007a45   Thumb Code    90  sccb.o(i.SCCB_WaitACK)
    SCCB_WriteBuffer_16Bit                   0x08007aa5   Thumb Code    52  sccb.o(i.SCCB_WriteBuffer_16Bit)
    SCCB_WriteByte                           0x08007ad9   Thumb Code   104  sccb.o(i.SCCB_WriteByte)
    SCCB_WriteHandle_16Bit                   0x08007b45   Thumb Code    46  sccb.o(i.SCCB_WriteHandle_16Bit)
    SCCB_WriteReg_16Bit                      0x08007b73   Thumb Code    40  sccb.o(i.SCCB_WriteReg_16Bit)
    SPI_LCD_Init                             0x08007c8d   Thumb Code   426  lcd_spi_200.o(i.SPI_LCD_Init)
    SVC_Handler                              0x08007e83   Thumb Code     2  stm32h7xx_it.o(i.SVC_Handler)
    SysTick_Handler                          0x08007e85   Thumb Code     8  stm32h7xx_it.o(i.SysTick_Handler)
    SystemClock_Config                       0x08007e8d   Thumb Code   208  main.o(i.SystemClock_Config)
    SystemInit                               0x08007f61   Thumb Code   192  system_stm32h7xx.o(i.SystemInit)
    UART_AdvFeatureConfig                    0x08008099   Thumb Code   248  stm32h7xx_hal_uart.o(i.UART_AdvFeatureConfig)
    UART_CheckIdleState                      0x08008191   Thumb Code   234  stm32h7xx_hal_uart.o(i.UART_CheckIdleState)
    UART_SetConfig                           0x080082e9   Thumb Code  1558  stm32h7xx_hal_uart.o(i.UART_SetConfig)
    UART_WaitOnFlagUntilTimeout              0x08008911   Thumb Code   162  stm32h7xx_hal_uart.o(i.UART_WaitOnFlagUntilTimeout)
    UsageFault_Handler                       0x080089b3   Thumb Code     4  stm32h7xx_it.o(i.UsageFault_Handler)
    _LCD_Char2Ram                            0x080089b9   Thumb Code    98  lcd_spi_200.o(i._LCD_Char2Ram)
    _LCD_DisplayChar                         0x08008a25   Thumb Code   152  lcd_spi_200.o(i._LCD_DisplayChar)
    _LCD_DisplayString                       0x08008ac9   Thumb Code    44  lcd_spi_200.o(i._LCD_DisplayString)
    _LCD_DrawRect                            0x08008af9   Thumb Code    78  lcd_spi_200.o(i._LCD_DrawRect)
    __0printf                                0x08008b4d   Thumb Code    22  printfa.o(i.__0printf)
    __1printf                                0x08008b4d   Thumb Code     0  printfa.o(i.__0printf)
    __2printf                                0x08008b4d   Thumb Code     0  printfa.o(i.__0printf)
    __c89printf                              0x08008b4d   Thumb Code     0  printfa.o(i.__0printf)
    printf                                   0x08008b4d   Thumb Code     0  printfa.o(i.__0printf)
    __0snprintf                              0x08008b6d   Thumb Code    44  printfa.o(i.__0snprintf)
    __1snprintf                              0x08008b6d   Thumb Code     0  printfa.o(i.__0snprintf)
    __2snprintf                              0x08008b6d   Thumb Code     0  printfa.o(i.__0snprintf)
    __c89snprintf                            0x08008b6d   Thumb Code     0  printfa.o(i.__0snprintf)
    snprintf                                 0x08008b6d   Thumb Code     0  printfa.o(i.__0snprintf)
    __0sprintf                               0x08008b9d   Thumb Code    34  printfa.o(i.__0sprintf)
    __1sprintf                               0x08008b9d   Thumb Code     0  printfa.o(i.__0sprintf)
    __2sprintf                               0x08008b9d   Thumb Code     0  printfa.o(i.__0sprintf)
    __c89sprintf                             0x08008b9d   Thumb Code     0  printfa.o(i.__0sprintf)
    sprintf                                  0x08008b9d   Thumb Code     0  printfa.o(i.__0sprintf)
    __ARM_fpclassifyf                        0x08008bc5   Thumb Code    38  fpclassifyf.o(i.__ARM_fpclassifyf)
    __hardfp_llroundf                        0x08008c25   Thumb Code   194  llroundf.o(i.__hardfp_llroundf)
    __hardfp_powf                            0x08008ced   Thumb Code  1590  powf.o(i.__hardfp_powf)
    __mathlib_powf                           0x08008ced   Thumb Code     0  powf.o(i.__hardfp_powf)
    __mathlib_flt_divzero                    0x08009345   Thumb Code    14  funder.o(i.__mathlib_flt_divzero)
    __mathlib_flt_infnan2                    0x0800935d   Thumb Code     6  funder.o(i.__mathlib_flt_infnan2)
    __mathlib_flt_invalid                    0x08009365   Thumb Code    10  funder.o(i.__mathlib_flt_invalid)
    __mathlib_flt_overflow                   0x08009375   Thumb Code    10  funder.o(i.__mathlib_flt_overflow)
    __mathlib_flt_underflow                  0x08009385   Thumb Code    10  funder.o(i.__mathlib_flt_underflow)
    __scatterload_copy                       0x08009395   Thumb Code    14  handlers.o(i.__scatterload_copy)
    __scatterload_null                       0x080093a3   Thumb Code     2  handlers.o(i.__scatterload_null)
    __scatterload_zeroinit                   0x080093a5   Thumb Code    14  handlers.o(i.__scatterload_zeroinit)
    __set_errno                              0x080093b5   Thumb Code     6  errno.o(i.__set_errno)
    _ai_platform_acquire_crc                 0x080093d3   Thumb Code     4  ai_platform_interface.o(i._ai_platform_acquire_crc)
    _ai_platform_release_crc                 0x080094b9   Thumb Code     2  ai_platform_interface.o(i._ai_platform_release_crc)
    acquire_and_process_data                 0x0800b0d9   Thumb Code   100  app_x-cube-ai.o(i.acquire_and_process_data)
    ai_array_get_byte_size                   0x0800b149   Thumb Code    60  ai_datatypes_format.o(i.ai_array_get_byte_size)
    ai_array_get_data_byte_size              0x0800b185   Thumb Code    30  ai_datatypes_format.o(i.ai_array_get_data_byte_size)
    ai_array_to_buffer_fmt                   0x0800b1a5   Thumb Code   246  ai_datatypes_format.o(i.ai_array_to_buffer_fmt)
    ai_buffer_array_item_set_address         0x0800b38d   Thumb Code    36  ai_platform.o(i.ai_buffer_array_item_set_address)
    ai_buffer_array_sane                     0x0800b3b1   Thumb Code    18  ai_platform.o(i.ai_buffer_array_sane)
    ai_buffer_get_size                       0x0800b3c5   Thumb Code    96  ai_platform.o(i.ai_buffer_get_size)
    ai_check_custom_types                    0x0800b42d   Thumb Code    38  layers.o(i.ai_check_custom_types)
    ai_get_input_quantization_scheme         0x0800b459   Thumb Code    96  app_x-cube-ai.o(i.ai_get_input_quantization_scheme)
    ai_get_input_scale                       0x0800b51d   Thumb Code   210  app_x-cube-ai.o(i.ai_get_input_scale)
    ai_get_input_zero_point                  0x0800b5f9   Thumb Code   454  app_x-cube-ai.o(i.ai_get_input_zero_point)
    ai_layers_forward_all                    0x0800b7c5   Thumb Code    80  layers.o(i.ai_layers_forward_all)
    ai_layers_init_all                       0x0800b815   Thumb Code    30  layers.o(i.ai_layers_init_all)
    ai_layers_post_init_all                  0x0800b833   Thumb Code    54  layers.o(i.ai_layers_post_init_all)
    ai_network_create                        0x0800b8f5   Thumb Code    30  network.o(i.ai_network_create)
    ai_network_create_and_init               0x0800b919   Thumb Code   130  network.o(i.ai_network_create_and_init)
    ai_network_data_params_get               0x0800b99d   Thumb Code    42  network_data.o(i.ai_network_data_params_get)
    ai_network_get_error                     0x0800b9cd   Thumb Code    14  network.o(i.ai_network_get_error)
    ai_network_init                          0x0800b9db   Thumb Code    60  network.o(i.ai_network_init)
    ai_network_inputs_get                    0x0800ba19   Thumb Code    24  network.o(i.ai_network_inputs_get)
    ai_network_outputs_get                   0x0800ba39   Thumb Code    24  network.o(i.ai_network_outputs_get)
    ai_network_run                           0x0800ba59   Thumb Code    20  network.o(i.ai_network_run)
    ai_padding_opt_init                      0x0800ba6d   Thumb Code   174  st_padding_opt.o(i.ai_padding_opt_init)
    ai_padding_opt_phase1                    0x0800bb1b   Thumb Code    48  st_padding_opt.o(i.ai_padding_opt_phase1)
    ai_platform_bind_network_params          0x0800bb71   Thumb Code    38  ai_platform_interface.o(i.ai_platform_bind_network_params)
    ai_platform_context_acquire              0x0800bb9d   Thumb Code    24  ai_platform_interface.o(i.ai_platform_context_acquire)
    ai_platform_get_activations_map          0x0800bbb9   Thumb Code    38  ai_platform_interface.o(i.ai_platform_get_activations_map)
    ai_platform_get_weights_map              0x0800bbe5   Thumb Code    36  ai_platform_interface.o(i.ai_platform_get_weights_map)
    ai_platform_inputs_get                   0x0800bc0d   Thumb Code    66  ai_platform_interface.o(i.ai_platform_inputs_get)
    ai_platform_interface_api_get_version    0x0800bc51   Thumb Code    14  ai_platform_interface.o(i.ai_platform_interface_api_get_version)
    ai_platform_network_create               0x0800bc65   Thumb Code   168  ai_platform_interface.o(i.ai_platform_network_create)
    ai_platform_network_get_error            0x0800bd19   Thumb Code    24  ai_platform_interface.o(i.ai_platform_network_get_error)
    ai_platform_network_init                 0x0800bd35   Thumb Code   256  ai_platform_interface.o(i.ai_platform_network_init)
    ai_platform_network_post_init            0x0800be41   Thumb Code    70  ai_platform_interface.o(i.ai_platform_network_post_init)
    ai_platform_network_process              0x0800be87   Thumb Code    84  ai_platform_interface.o(i.ai_platform_network_process)
    ai_platform_network_set_error            0x0800bedb   Thumb Code    12  ai_platform_interface.o(i.ai_platform_network_set_error)
    ai_platform_outputs_get                  0x0800bee7   Thumb Code    72  ai_platform_interface.o(i.ai_platform_outputs_get)
    ai_run                                   0x0800bf31   Thumb Code    64  app_x-cube-ai.o(i.ai_run)
    ai_sum_buffer_INT8                       0x0800c055   Thumb Code   926  ai_math_helpers.o(i.ai_sum_buffer_INT8)
    ai_sum_f32                               0x0800c3f3   Thumb Code    18  ai_math_helpers.o(i.ai_sum_f32)
    ai_version_get                           0x0800c405   Thumb Code    12  ai_datatypes_internal.o(i.ai_version_get)
    align_factor                             0x0800c411   Thumb Code   140  st_convolve_reference.o(i.align_factor)
    align_factor_ch                          0x0800c4a5   Thumb Code    76  st_convolve_reference.o(i.align_factor_ch)
    arm_float_to_q15                         0x0800c4f1   Thumb Code   236  arm_float_to_q15.o(i.arm_float_to_q15)
    arm_float_to_q7                          0x0800c5e1   Thumb Code   248  arm_float_to_q7.o(i.arm_float_to_q7)
    arm_q15_to_float                         0x0800c6dd   Thumb Code   136  arm_q15_to_float.o(i.arm_q15_to_float)
    arm_q7_to_float                          0x0800c769   Thumb Code   136  arm_q7_to_float.o(i.arm_q7_to_float)
    core_compute_offsets                     0x0800c7f5   Thumb Code   344  core_utils.o(i.core_compute_offsets)
    core_get_broadcasted_shape               0x0800c951   Thumb Code    96  core_utils.o(i.core_get_broadcasted_shape)
    core_get_error                           0x0800c9b1   Thumb Code    12  core_common.o(i.core_get_error)
    core_init                                0x0800c9bd   Thumb Code     4  core_common.o(i.core_init)
    core_set_error                           0x0800c9fd   Thumb Code    26  core_common.o(i.core_set_error)
    forward_ap_integer_INT8                  0x0800ca17   Thumb Code   176  layers_pool_stm32_integer.o(i.forward_ap_integer_INT8)
    forward_conv2d_rgb_sssa8_ch              0x0800cac9   Thumb Code   642  layers_conv2d_rgb_sssa8_ch.o(i.forward_conv2d_rgb_sssa8_ch)
    forward_dense_integer_SSSA               0x0800cd55   Thumb Code   434  layers_conv2d_stm32_integer.o(i.forward_dense_integer_SSSA)
    forward_dw_3x3_sssa8_ch                  0x0800cf0d   Thumb Code   600  layers_dw_sssa8_ch.o(i.forward_dw_3x3_sssa8_ch)
    forward_eltwise_integer_INT8             0x0800d16d   Thumb Code   854  layers_stm32_integer.o(i.forward_eltwise_integer_INT8)
    forward_lite_conv2d_rgb_sssa8_ch         0x0800d4d1   Thumb Code   896  forward_lite_conv2d_sssa8_ch.o(i.forward_lite_conv2d_rgb_sssa8_ch)
    forward_lite_dw_3x3_sssa8_ch             0x0800d851   Thumb Code  1074  forward_lite_dw_sssa8_ch.o(i.forward_lite_dw_3x3_sssa8_ch)
    forward_lite_nl_softmax_is8os8           0x0800dc83   Thumb Code    74  lite_nl_generic_integer.o(i.forward_lite_nl_softmax_is8os8)
    forward_lite_nl_softmax_iu8ou8           0x0800dccd   Thumb Code    74  lite_nl_generic_integer.o(i.forward_lite_nl_softmax_iu8ou8)
    forward_lite_node_convert_integer_is8ou8 0x0800dd17   Thumb Code    74  forward_lite_convert.o(i.forward_lite_node_convert_integer_is8ou8)
    forward_lite_node_convert_integer_is8ou8_fast 0x0800dd61   Thumb Code    74  forward_lite_convert.o(i.forward_lite_node_convert_integer_is8ou8_fast)
    forward_lite_node_convert_integer_iu8os8 0x0800ddad   Thumb Code    90  forward_lite_convert.o(i.forward_lite_node_convert_integer_iu8os8)
    forward_lite_node_convert_integer_iu8os8_fast 0x0800de0d   Thumb Code    82  forward_lite_convert.o(i.forward_lite_node_convert_integer_iu8os8_fast)
    forward_lite_node_convert_integer_iu8ou8 0x0800de5f   Thumb Code    74  forward_lite_convert.o(i.forward_lite_node_convert_integer_iu8ou8)
    forward_lite_pad_8bit_ch1st_3x3_constant 0x0800dea9   Thumb Code   272  forward_lite_pad_generic.o(i.forward_lite_pad_8bit_ch1st_3x3_constant)
    forward_lite_pad_constant                0x0800dfb9   Thumb Code   232  forward_lite_pad_generic.o(i.forward_lite_pad_constant)
    forward_lite_pad_edge                    0x0800e0a1   Thumb Code   168  forward_lite_pad_generic.o(i.forward_lite_pad_edge)
    forward_lite_pad_reflect                 0x0800e149   Thumb Code   236  forward_lite_pad_generic.o(i.forward_lite_pad_reflect)
    forward_lite_pw_sssa8_ch                 0x0800e235   Thumb Code   266  forward_lite_pw_sssa8_ch.o(i.forward_lite_pw_sssa8_ch)
    forward_pad                              0x0800e33f   Thumb Code    34  layers_generic_float.o(i.forward_pad)
    forward_pad_8bit_ch1st_3x3_constant      0x0800e361   Thumb Code   120  layers_pad_generic.o(i.forward_pad_8bit_ch1st_3x3_constant)
    forward_pad_constant                     0x0800e3d9   Thumb Code   180  layers_pad_generic.o(i.forward_pad_constant)
    forward_pad_edge                         0x0800e48d   Thumb Code   158  layers_pad_generic.o(i.forward_pad_edge)
    forward_pad_reflect                      0x0800e52b   Thumb Code   216  layers_pad_generic.o(i.forward_pad_reflect)
    forward_pw_sssa8_ch                      0x0800e605   Thumb Code   682  layers_pw_sssa8_ch.o(i.forward_pw_sssa8_ch)
    forward_sm_integer                       0x0800e8b9   Thumb Code   196  layers_nl_stm32_integer.o(i.forward_sm_integer)
    fputc                                    0x0800e981   Thumb Code    22  usart.o(i.fputc)
    get_tensor_byte_size                     0x0800e9a5   Thumb Code    34  ai_datatypes_internal.o(i.get_tensor_byte_size)
    main                                     0x0800e9cd   Thumb Code   680  main.o(i.main)
    node_convert                             0x080102b9   Thumb Code   318  core_convert.o(i.node_convert)
    node_convert_integer                     0x080103f9   Thumb Code   496  core_convert.o(i.node_convert_integer)
    pool_func_ap_array_integer_INT8          0x080105f1   Thumb Code   206  layers_pool_stm32_integer.o(i.pool_func_ap_array_integer_INT8)
    post_process                             0x080106c5   Thumb Code   120  app_x-cube-ai.o(i.post_process)
    st_dw_sssa8_ch_Wadapt                    0x0801076d   Thumb Code   262  forward_lite_dw_sssa8_ch.o(i.st_dw_sssa8_ch_Wadapt)
    st_int8_avepool                          0x08010875   Thumb Code   344  st_int8_pool.o(i.st_int8_avepool)
    st_int8_copy                             0x080109d1   Thumb Code   132  st_int8_fill.o(i.st_int8_copy)
    st_int8_fill                             0x08010a55   Thumb Code    92  st_int8_fill.o(i.st_int8_fill)
    st_int8_reordered_no_shift_zero          0x08010ab1   Thumb Code    78  st_int8_reordered_no_shift.o(i.st_int8_reordered_no_shift_zero)
    st_int8_to16_dual                        0x08010b01   Thumb Code   592  st_int8_to16_no_shift.o(i.st_int8_to16_dual)
    st_sssa8_ch_1_output_mgt                 0x08010d51   Thumb Code    68  st_sssa8_ch_nn_mat_mult_nt_t.o(i.st_sssa8_ch_1_output_mgt)
    st_sssa8_ch_2_output_mgt                 0x08010d95   Thumb Code   122  st_sssa8_ch_nn_mat_mult_nt_t.o(i.st_sssa8_ch_2_output_mgt)
    st_sssa8_ch_convolve_rank1upd            0x08010e11   Thumb Code   168  st_sssa8_ch_convolve.o(i.st_sssa8_ch_convolve_rank1upd)
    st_sssa8_ch_fullW_prefetch               0x08010eb9   Thumb Code    86  st_sssa8_ch_nn_mat_mult_nt_t.o(i.st_sssa8_ch_fullW_prefetch)
    st_sssa8_ch_nn_mat_mult_kernel_opt       0x08010f11   Thumb Code  1806  st_sssa8_ch_nn_mat_mult_kernel_opt.o(i.st_sssa8_ch_nn_mat_mult_kernel_opt)
    st_sssa8_ch_nn_mat_mult_kernel_single_opt 0x08011621   Thumb Code   906  st_sssa8_ch_nn_mat_mult_kernel_opt.o(i.st_sssa8_ch_nn_mat_mult_kernel_single_opt)
    st_sssa8_ch_nn_mat_mult_nt_t             0x080119ad   Thumb Code  1646  st_sssa8_ch_nn_mat_mult_nt_t.o(i.st_sssa8_ch_nn_mat_mult_nt_t)
    st_sssa8_fully_connected                 0x0801201d   Thumb Code  1086  st_sssa8_dense.o(i.st_sssa8_fully_connected)
    weights_2channels_prefetch               0x0801245d   Thumb Code   400  st_sssa8_ch_nn_mat_mult_nt_t.o(i.weights_2channels_prefetch)
    weights_offset_contribution_calc         0x080125ed   Thumb Code   138  st_sssa8_ch_nn_mat_mult_nt_t.o(i.weights_offset_contribution_calc)
    OV5640_Brightness_Config                 0x08012676   Data          18  dcmi_ov5640.o(.constdata)
    OV5640_Contrast_Config                   0x08012688   Data          14  dcmi_ov5640.o(.constdata)
    OV5640_Effect_Config                     0x08012696   Data          16  dcmi_ov5640.o(.constdata)
    OV5640_INIT_Config                       0x080126a6   Data        1016  dcmi_ov5640.o(.constdata)
    OV5640_AF_Firmware                       0x08012a9e   Data        4077  dcmi_ov5640.o(.constdata)
    Chinese_1212                             0x08013a8b   Data         480  lcd_fonts.o(.constdata)
    Chinese_1616                             0x08013c6b   Data         640  lcd_fonts.o(.constdata)
    Chinese_2020                             0x08013eeb   Data        1200  lcd_fonts.o(.constdata)
    Chinese_2424                             0x0801439b   Data        4680  lcd_fonts.o(.constdata)
    Chinese_3232                             0x080155e3   Data        2560  lcd_fonts.o(.constdata)
    ASCII_3216_Table                         0x08015fe3   Data        6080  lcd_fonts.o(.constdata)
    ASCII_2412_Table                         0x080177a3   Data        4560  lcd_fonts.o(.constdata)
    ASCII_2010_Table                         0x08018973   Data        3800  lcd_fonts.o(.constdata)
    ASCII_1608_Table                         0x0801984b   Data        1520  lcd_fonts.o(.constdata)
    ASCII_1206_Table                         0x08019e3b   Data        1140  lcd_fonts.o(.constdata)
    UARTPrescTable                           0x0801a2b8   Data          24  stm32h7xx_hal_uart.o(.constdata)
    D1CorePrescTable                         0x0801a2e0   Data          16  system_stm32h7xx.o(.constdata)
    s_network_weights_array_u64              0x080224e0   Data       442440  network_data_params.o(.constdata)
    Region$$Table$$Base                      0x0808e8b4   Number         0  anon$$obj.o(Region$$Table)
    Region$$Table$$Limit                     0x0808e8e4   Number         0  anon$$obj.o(Region$$Table)
    OV5640_FrameState                        0x20000000   Data           1  dcmi_ov5640.o(.data)
    OV5640_FPS                               0x20000001   Data           1  dcmi_ov5640.o(.data)
    CH_Font12                                0x2000000c   Data          12  lcd_fonts.o(.data)
    CH_Font16                                0x20000018   Data          12  lcd_fonts.o(.data)
    CH_Font20                                0x20000024   Data          12  lcd_fonts.o(.data)
    CH_Font24                                0x20000030   Data          12  lcd_fonts.o(.data)
    CH_Font32                                0x2000003c   Data          12  lcd_fonts.o(.data)
    ASCII_Font32                             0x20000048   Data          12  lcd_fonts.o(.data)
    ASCII_Font24                             0x20000054   Data          12  lcd_fonts.o(.data)
    ASCII_Font20                             0x20000060   Data          12  lcd_fonts.o(.data)
    ASCII_Font16                             0x2000006c   Data          12  lcd_fonts.o(.data)
    ASCII_Font12                             0x20000078   Data          12  lcd_fonts.o(.data)
    uwTick                                   0x2000008c   Data           4  stm32h7xx_hal.o(.data)
    uwTickPrio                               0x20000090   Data           4  stm32h7xx_hal.o(.data)
    uwTickFreq                               0x20000094   Data           1  stm32h7xx_hal.o(.data)
    SystemCoreClock                          0x20000098   Data           4  system_stm32h7xx.o(.data)
    SystemD2Clock                            0x2000009c   Data           4  system_stm32h7xx.o(.data)
    data_ins                                 0x200000a0   Data           4  app_x-cube-ai.o(.data)
    data_outs                                0x200000a4   Data           4  app_x-cube-ai.o(.data)
    class_names                              0x200000a8   Data          12  app_x-cube-ai.o(.data)
    data_activations0                        0x200000b4   Data           4  app_x-cube-ai.o(.data)
    g_network_data_map_activations           0x20004ea0   Data          28  network_data.o(.data)
    g_network_data_map_weights               0x20004ebc   Data          28  network_data.o(.data)
    __stdout                                 0x20004ed8   Data           4  stdout.o(.data)
    display_str                              0x20004ee0   Data          32  main.o(.bss)
    conf_str                                 0x20004f00   Data          32  main.o(.bss)
    hcrc                                     0x20004f20   Data          36  crc.o(.bss)
    huart1                                   0x20004f44   Data         148  usart.o(.bss)
    hdcmi                                    0x20004fd8   Data          80  dcmi_ov5640.o(.bss)
    DMA_Handle_dcmi                          0x20005028   Data         120  dcmi_ov5640.o(.bss)
    hspi6                                    0x200050a0   Data         136  lcd_spi_200.o(.bss)
    LCD_Buff                                 0x20005128   Data        2048  lcd_spi_200.o(.bss)
    LCD                                      0x20005928   Data          16  lcd_spi_200.o(.bss)
    pixel_conv_lut                           0x200116d4   Data         256  app_x-cube-ai.o(.bss)
    __initial_sp                             0x20012250   Data           0  startup_stm32h723xx.o(STACK)
    Camera_Buffer                            0x24000000   Data       153600  main.o(.RAM_D1)
    detect_img_data                          0x24025800   Data       18432  main.o(.RAM_D1)
    input_data_u8                            0x2402a000   Data       27648  app_x-cube-ai.o(.RAM_D1)
    output_data                              0x24030c00   Data          12  app_x-cube-ai.o(.RAM_D1)



==============================================================================

Memory Map of the image

  Image Entry point : 0x080002cd

  Load Region LR_IROM1 (Base: 0x08000000, Size: 0x000c43d0, Max: 0x00100000, ABSOLUTE, COMPRESSED[0x00090880])

    Execution Region ER_IROM1 (Exec base: 0x08000000, Load base: 0x08000000, Size: 0x0008e8e4, Max: 0x00100000, ABSOLUTE)

    Exec Addr    Load Addr    Size         Type   Attr      Idx    E Section Name        Object

    0x08000000   0x08000000   0x000002cc   Data   RO            3    RESET               startup_stm32h723xx.o
    0x080002cc   0x080002cc   0x00000000   Code   RO         7156  * .ARM.Collect$$$$00000000  mc_w.l(entry.o)
    0x080002cc   0x080002cc   0x00000004   Code   RO         7480    .ARM.Collect$$$$00000001  mc_w.l(entry2.o)
    0x080002d0   0x080002d0   0x00000004   Code   RO         7483    .ARM.Collect$$$$00000004  mc_w.l(entry5.o)
    0x080002d4   0x080002d4   0x00000000   Code   RO         7485    .ARM.Collect$$$$00000008  mc_w.l(entry7b.o)
    0x080002d4   0x080002d4   0x00000000   Code   RO         7487    .ARM.Collect$$$$0000000A  mc_w.l(entry8b.o)
    0x080002d4   0x080002d4   0x00000008   Code   RO         7488    .ARM.Collect$$$$0000000B  mc_w.l(entry9a.o)
    0x080002dc   0x080002dc   0x00000000   Code   RO         7490    .ARM.Collect$$$$0000000D  mc_w.l(entry10a.o)
    0x080002dc   0x080002dc   0x00000000   Code   RO         7492    .ARM.Collect$$$$0000000F  mc_w.l(entry11a.o)
    0x080002dc   0x080002dc   0x00000004   Code   RO         7481    .ARM.Collect$$$$00002712  mc_w.l(entry2.o)
    0x080002e0   0x080002e0   0x00000024   Code   RO            4    .text               startup_stm32h723xx.o
    0x08000304   0x08000304   0x00000062   Code   RO         7159    .text               mc_w.l(uldiv.o)
    0x08000366   0x08000366   0x00000062   Code   RO         7161    .text               mc_w.l(ldiv.o)
    0x080003c8   0x080003c8   0x00000024   Code   RO         7163    .text               mc_w.l(memcpya.o)
    0x080003ec   0x080003ec   0x00000024   Code   RO         7165    .text               mc_w.l(memseta.o)
    0x08000410   0x08000410   0x0000000e   Code   RO         7167    .text               mc_w.l(strlen.o)
    0x0800041e   0x0800041e   0x0000001a   Code   RO         7169    .text               mc_w.l(memcmp.o)
    0x08000438   0x08000438   0x00000042   Code   RO         7462    .text               mf_w.l(ffixl.o)
    0x0800047a   0x0800047a   0x0000002c   Code   RO         7495    .text               mc_w.l(uidiv.o)
    0x080004a6   0x080004a6   0x0000001e   Code   RO         7497    .text               mc_w.l(llshl.o)
    0x080004c4   0x080004c4   0x00000020   Code   RO         7499    .text               mc_w.l(llushr.o)
    0x080004e4   0x080004e4   0x00000000   Code   RO         7510    .text               mc_w.l(iusefp.o)
    0x080004e4   0x080004e4   0x0000003c   Code   RO         7511    .text               mf_w.l(frnd.o)
    0x08000520   0x08000520   0x0000014e   Code   RO         7515    .text               mf_w.l(dadd.o)
    0x0800066e   0x0800066e   0x000000e4   Code   RO         7517    .text               mf_w.l(dmul.o)
    0x08000752   0x08000752   0x000000de   Code   RO         7519    .text               mf_w.l(ddiv.o)
    0x08000830   0x08000830   0x00000030   Code   RO         7521    .text               mf_w.l(dfixul.o)
    0x08000860   0x08000860   0x00000064   Code   RO         7523    .text               mf_w.l(ffixlr.o)
    0x080008c4   0x080008c4   0x00000030   Code   RO         7525    .text               mf_w.l(cdrcmple.o)
    0x080008f4   0x080008f4   0x00000004   Code   RO         7527    .text               mf_w.l(fpstat.o)
    0x080008f8   0x080008f8   0x00000024   Code   RO         7529    .text               mc_w.l(init.o)
    0x0800091c   0x0800091c   0x00000024   Code   RO         7531    .text               mc_w.l(llsshr.o)
    0x08000940   0x08000940   0x0000006e   Code   RO         7533    .text               mf_w.l(fepilogue.o)
    0x080009ae   0x080009ae   0x000000ba   Code   RO         7535    .text               mf_w.l(depilogue.o)
    0x08000a68   0x08000a68   0x00000056   Code   RO         7545    .text               mc_w.l(__dczerorl2.o)
    0x08000abe   0x08000abe   0x00000004   Code   RO         1033    i.BusFault_Handler  stm32h7xx_it.o
    0x08000ac2   0x08000ac2   0x00000002   PAD
    0x08000ac4   0x08000ac4   0x000000f8   Code   RO         5257    i.CRC_Is_Enabled    NetworkRuntime810_CM7_Keil.lib(ai_platform_interface.o)
    0x08000bbc   0x08000bbc   0x000000f8   Code   RO         5258    i.CRC_Lock          NetworkRuntime810_CM7_Keil.lib(ai_platform_interface.o)
    0x08000cb4   0x08000cb4   0x00000050   Code   RO         4831    i.Compute_pix_conv_tab  app_x-cube-ai.o
    0x08000d04   0x08000d04   0x00000024   Code   RO         4652    i.DCMI_DMAError     stm32h7xx_hal_dcmi.o
    0x08000d28   0x08000d28   0x000000c4   Code   RO         4653    i.DCMI_DMAXferCplt  stm32h7xx_hal_dcmi.o
    0x08000dec   0x08000dec   0x00000094   Code   RO          379    i.DCMI_OV5640_Init  dcmi_ov5640.o
    0x08000e80   0x08000e80   0x00000010   Code   RO         1034    i.DCMI_PSSI_IRQHandler  stm32h7xx_it.o
    0x08000e90   0x08000e90   0x00000010   Code   RO         1035    i.DMA2_Stream7_IRQHandler  stm32h7xx_it.o
    0x08000ea0   0x08000ea0   0x000000ec   Code   RO         2093    i.DMA_CalcBaseAndBitshift  stm32h7xx_hal_dma.o
    0x08000f8c   0x08000f8c   0x000000c4   Code   RO         2094    i.DMA_CalcDMAMUXChannelBaseAndMask  stm32h7xx_hal_dma.o
    0x08001050   0x08001050   0x00000098   Code   RO         2095    i.DMA_CalcDMAMUXRequestGenBaseAndMask  stm32h7xx_hal_dma.o
    0x080010e8   0x080010e8   0x000000ae   Code   RO         2096    i.DMA_CheckFifoParam  stm32h7xx_hal_dma.o
    0x08001196   0x08001196   0x00000002   PAD
    0x08001198   0x08001198   0x000000ec   Code   RO         2209    i.DMA_MultiBufferSetConfig  stm32h7xx_hal_dma_ex.o
    0x08001284   0x08001284   0x00000274   Code   RO         2097    i.DMA_SetConfig     stm32h7xx_hal_dma.o
    0x080014f8   0x080014f8   0x00000002   Code   RO         1036    i.DebugMon_Handler  stm32h7xx_it.o
    0x080014fa   0x080014fa   0x00000006   Code   RO           13    i.Error_Handler     main.o
    0x08001500   0x08001500   0x000001f2   Code   RO           14    i.Get_Detect_Img    main.o
    0x080016f2   0x080016f2   0x00000070   Code   RO         1339    i.HAL_CRCEx_Polynomial_Set  stm32h7xx_hal_crc_ex.o
    0x08001762   0x08001762   0x00000002   PAD
    0x08001764   0x08001764   0x00000084   Code   RO         1273    i.HAL_CRC_Init      stm32h7xx_hal_crc.o
    0x080017e8   0x080017e8   0x00000030   Code   RO          286    i.HAL_CRC_MspInit   crc.o
    0x08001818   0x08001818   0x00000046   Code   RO         4654    i.HAL_DCMI_ConfigCrop  stm32h7xx_hal_dcmi.o
    0x0800185e   0x0800185e   0x0000003e   Code   RO         4658    i.HAL_DCMI_EnableCrop  stm32h7xx_hal_dcmi.o
    0x0800189c   0x0800189c   0x00000002   Code   RO          380    i.HAL_DCMI_ErrorCallback  dcmi_ov5640.o
    0x0800189e   0x0800189e   0x00000002   PAD
    0x080018a0   0x080018a0   0x0000004c   Code   RO          381    i.HAL_DCMI_FrameEventCallback  dcmi_ov5640.o
    0x080018ec   0x080018ec   0x000000b4   Code   RO         4663    i.HAL_DCMI_IRQHandler  stm32h7xx_hal_dcmi.o
    0x080019a0   0x080019a0   0x000000a0   Code   RO         4664    i.HAL_DCMI_Init     stm32h7xx_hal_dcmi.o
    0x08001a40   0x08001a40   0x00000002   Code   RO         4665    i.HAL_DCMI_LineEventCallback  stm32h7xx_hal_dcmi.o
    0x08001a42   0x08001a42   0x00000002   PAD
    0x08001a44   0x08001a44   0x000001a8   Code   RO          382    i.HAL_DCMI_MspInit  dcmi_ov5640.o
    0x08001bec   0x08001bec   0x00000120   Code   RO         4669    i.HAL_DCMI_Start_DMA  stm32h7xx_hal_dcmi.o
    0x08001d0c   0x08001d0c   0x00000002   Code   RO         4672    i.HAL_DCMI_VsyncEventCallback  stm32h7xx_hal_dcmi.o
    0x08001d0e   0x08001d0e   0x00000002   PAD
    0x08001d10   0x08001d10   0x000000d0   Code   RO         2210    i.HAL_DMAEx_ChangeMemory  stm32h7xx_hal_dma_ex.o
    0x08001de0   0x08001de0   0x00000538   Code   RO         2217    i.HAL_DMAEx_MultiBufferStart_IT  stm32h7xx_hal_dma_ex.o
    0x08002318   0x08002318   0x00000398   Code   RO         2099    i.HAL_DMA_Abort_IT  stm32h7xx_hal_dma.o
    0x080026b0   0x080026b0   0x00000af8   Code   RO         2103    i.HAL_DMA_IRQHandler  stm32h7xx_hal_dma.o
    0x080031a8   0x080031a8   0x00000514   Code   RO         2104    i.HAL_DMA_Init      stm32h7xx_hal_dma.o
    0x080036bc   0x080036bc   0x000003e0   Code   RO         2108    i.HAL_DMA_Start_IT  stm32h7xx_hal_dma.o
    0x08003a9c   0x08003a9c   0x00000028   Code   RO         2795    i.HAL_Delay         stm32h7xx_hal.o
    0x08003ac4   0x08003ac4   0x000001f0   Code   RO         1946    i.HAL_GPIO_Init     stm32h7xx_hal_gpio.o
    0x08003cb4   0x08003cb4   0x00000010   Code   RO         1948    i.HAL_GPIO_ReadPin  stm32h7xx_hal_gpio.o
    0x08003cc4   0x08003cc4   0x00000014   Code   RO         1949    i.HAL_GPIO_TogglePin  stm32h7xx_hal_gpio.o
    0x08003cd8   0x08003cd8   0x0000000c   Code   RO         1950    i.HAL_GPIO_WritePin  stm32h7xx_hal_gpio.o
    0x08003ce4   0x08003ce4   0x0000000c   Code   RO         2811    i.HAL_GetTick       stm32h7xx_hal.o
    0x08003cf0   0x08003cf0   0x00000018   Code   RO         2817    i.HAL_IncTick       stm32h7xx_hal.o
    0x08003d08   0x08003d08   0x00000060   Code   RO         2818    i.HAL_Init          stm32h7xx_hal.o
    0x08003d68   0x08003d68   0x00000058   Code   RO         2819    i.HAL_InitTick      stm32h7xx_hal.o
    0x08003dc0   0x08003dc0   0x0000005c   Code   RO         1122    i.HAL_MPU_ConfigRegion  stm32h7xx_hal_cortex.o
    0x08003e1c   0x08003e1c   0x0000002c   Code   RO         1123    i.HAL_MPU_Disable   stm32h7xx_hal_cortex.o
    0x08003e48   0x08003e48   0x00000040   Code   RO         1124    i.HAL_MPU_Enable    stm32h7xx_hal_cortex.o
    0x08003e88   0x08003e88   0x00000024   Code   RO         1009    i.HAL_MspInit       stm32h7xx_hal_msp.o
    0x08003eac   0x08003eac   0x00000028   Code   RO         1127    i.HAL_NVIC_EnableIRQ  stm32h7xx_hal_cortex.o
    0x08003ed4   0x08003ed4   0x0000007a   Code   RO         1133    i.HAL_NVIC_SetPriority  stm32h7xx_hal_cortex.o
    0x08003f4e   0x08003f4e   0x00000002   PAD
    0x08003f50   0x08003f50   0x00000028   Code   RO         1134    i.HAL_NVIC_SetPriorityGrouping  stm32h7xx_hal_cortex.o
    0x08003f78   0x08003f78   0x00000060   Code   RO         2547    i.HAL_PWREx_ConfigSupply  stm32h7xx_hal_pwr_ex.o
    0x08003fd8   0x08003fd8   0x00000024   Code   RO         1489    i.HAL_RCCEx_GetD3PCLK1Freq  stm32h7xx_hal_rcc_ex.o
    0x08003ffc   0x08003ffc   0x00000230   Code   RO         1491    i.HAL_RCCEx_GetPLL2ClockFreq  stm32h7xx_hal_rcc_ex.o
    0x0800422c   0x0800422c   0x00000230   Code   RO         1492    i.HAL_RCCEx_GetPLL3ClockFreq  stm32h7xx_hal_rcc_ex.o
    0x0800445c   0x0800445c   0x00000cc8   Code   RO         1498    i.HAL_RCCEx_PeriphCLKConfig  stm32h7xx_hal_rcc_ex.o
    0x08005124   0x08005124   0x00000320   Code   RO         1374    i.HAL_RCC_ClockConfig  stm32h7xx_hal_rcc.o
    0x08005444   0x08005444   0x0000004c   Code   RO         1379    i.HAL_RCC_GetHCLKFreq  stm32h7xx_hal_rcc.o
    0x08005490   0x08005490   0x00000024   Code   RO         1381    i.HAL_RCC_GetPCLK1Freq  stm32h7xx_hal_rcc.o
    0x080054b4   0x080054b4   0x00000024   Code   RO         1382    i.HAL_RCC_GetPCLK2Freq  stm32h7xx_hal_rcc.o
    0x080054d8   0x080054d8   0x0000022c   Code   RO         1383    i.HAL_RCC_GetSysClockFreq  stm32h7xx_hal_rcc.o
    0x08005704   0x08005704   0x0000075c   Code   RO         1386    i.HAL_RCC_OscConfig  stm32h7xx_hal_rcc.o
    0x08005e60   0x08005e60   0x000001b0   Code   RO         3745    i.HAL_SPI_Init      stm32h7xx_hal_spi.o
    0x08006010   0x08006010   0x000000e8   Code   RO          611    i.HAL_SPI_MspInit   lcd_spi_200.o
    0x080060f8   0x080060f8   0x000002d4   Code   RO         3754    i.HAL_SPI_Transmit  stm32h7xx_hal_spi.o
    0x080063cc   0x080063cc   0x00000034   Code   RO         1138    i.HAL_SYSTICK_Config  stm32h7xx_hal_cortex.o
    0x08006400   0x08006400   0x0000004e   Code   RO         4529    i.HAL_UARTEx_DisableFifoMode  stm32h7xx_hal_uart_ex.o
    0x0800644e   0x0800644e   0x0000005e   Code   RO         4538    i.HAL_UARTEx_SetRxFifoThreshold  stm32h7xx_hal_uart_ex.o
    0x080064ac   0x080064ac   0x0000005e   Code   RO         4539    i.HAL_UARTEx_SetTxFifoThreshold  stm32h7xx_hal_uart_ex.o
    0x0800650a   0x0800650a   0x00000078   Code   RO         4133    i.HAL_UART_Init     stm32h7xx_hal_uart.o
    0x08006582   0x08006582   0x00000002   PAD
    0x08006584   0x08006584   0x0000009c   Code   RO          328    i.HAL_UART_MspInit  usart.o
    0x08006620   0x08006620   0x000000c2   Code   RO         4142    i.HAL_UART_Transmit  stm32h7xx_hal_uart.o
    0x080066e2   0x080066e2   0x00000004   Code   RO         1037    i.HardFault_Handler  stm32h7xx_it.o
    0x080066e6   0x080066e6   0x00000002   PAD
    0x080066e8   0x080066e8   0x00000060   Code   RO          612    i.LCD_Clear         lcd_spi_200.o
    0x08006748   0x08006748   0x0000005c   Code   RO          614    i.LCD_CopyBuffer    lcd_spi_200.o
    0x080067a4   0x080067a4   0x0000003c   Code   RO           15    i.LCD_DisplayBottomCenterFPS  main.o
    0x080067e0   0x080067e0   0x0000002c   Code   RO           16    i.LCD_DisplayCenter  main.o
    0x0800680c   0x0800680c   0x00000186   Code   RO          631    i.LCD_SPI_Transmit  lcd_spi_200.o
    0x08006992   0x08006992   0x00000148   Code   RO          632    i.LCD_SPI_TransmitBuffer  lcd_spi_200.o
    0x08006ada   0x08006ada   0x00000002   PAD
    0x08006adc   0x08006adc   0x00000058   Code   RO          633    i.LCD_SetAddress    lcd_spi_200.o
    0x08006b34   0x08006b34   0x0000000c   Code   RO          634    i.LCD_SetAsciiFont  lcd_spi_200.o
    0x08006b40   0x08006b40   0x00000028   Code   RO          635    i.LCD_SetBackColor  lcd_spi_200.o
    0x08006b68   0x08006b68   0x00000028   Code   RO          636    i.LCD_SetColor      lcd_spi_200.o
    0x08006b90   0x08006b90   0x0000009c   Code   RO          637    i.LCD_SetDirection  lcd_spi_200.o
    0x08006c2c   0x08006c2c   0x0000000c   Code   RO          639    i.LCD_ShowNumMode   lcd_spi_200.o
    0x08006c38   0x08006c38   0x00000028   Code   RO          641    i.LCD_WriteCommand  lcd_spi_200.o
    0x08006c60   0x08006c60   0x00000034   Code   RO          642    i.LCD_WriteData_16bit  lcd_spi_200.o
    0x08006c94   0x08006c94   0x00000024   Code   RO          643    i.LCD_WriteData_8bit  lcd_spi_200.o
    0x08006cb8   0x08006cb8   0x0000005a   Code   RO           17    i.MPU_Config        main.o
    0x08006d12   0x08006d12   0x00000002   PAD
    0x08006d14   0x08006d14   0x00000034   Code   RO          287    i.MX_CRC_Init       crc.o
    0x08006d48   0x08006d48   0x00000044   Code   RO          383    i.MX_DCMI_Init      dcmi_ov5640.o
    0x08006d8c   0x08006d8c   0x000000c8   Code   RO          257    i.MX_GPIO_Init      gpio.o
    0x08006e54   0x08006e54   0x00000058   Code   RO          644    i.MX_SPI6_Init      lcd_spi_200.o
    0x08006eac   0x08006eac   0x0000006c   Code   RO          329    i.MX_USART1_UART_Init  usart.o
    0x08006f18   0x08006f18   0x0000002c   Code   RO         4832    i.MX_X_CUBE_AI_Init  app_x-cube-ai.o
    0x08006f44   0x08006f44   0x00000058   Code   RO         4833    i.MX_X_CUBE_AI_Process  app_x-cube-ai.o
    0x08006f9c   0x08006f9c   0x000000d6   Code   RO          645    i.MY_SPI_CloseTransfer  lcd_spi_200.o
    0x08007072   0x08007072   0x00000040   Code   RO          646    i.MY_SPI_WaitOnFlagUntilTimeout  lcd_spi_200.o
    0x080070b2   0x080070b2   0x00000004   Code   RO         1038    i.MemManage_Handler  stm32h7xx_it.o
    0x080070b6   0x080070b6   0x00000004   Code   RO         1039    i.NMI_Handler       stm32h7xx_it.o
    0x080070ba   0x080070ba   0x00000002   PAD
    0x080070bc   0x080070bc   0x000000b8   Code   RO          384    i.OV5640_AF_Download_Firmware  dcmi_ov5640.o
    0x08007174   0x08007174   0x0000000e   Code   RO          387    i.OV5640_AF_Trigger_Constant  dcmi_ov5640.o
    0x08007182   0x08007182   0x00000002   PAD
    0x08007184   0x08007184   0x0000002c   Code   RO          389    i.OV5640_Config     dcmi_ov5640.o
    0x080071b0   0x080071b0   0x00000060   Code   RO          390    i.OV5640_DCMI_Crop  dcmi_ov5640.o
    0x08007210   0x08007210   0x0000008c   Code   RO          394    i.OV5640_DMA_Init   dcmi_ov5640.o
    0x0800729c   0x0800729c   0x00000028   Code   RO          395    i.OV5640_DMA_Transmit_Continuous  dcmi_ov5640.o
    0x080072c4   0x080072c4   0x0000002a   Code   RO          397    i.OV5640_Delay      dcmi_ov5640.o
    0x080072ee   0x080072ee   0x0000001c   Code   RO          398    i.OV5640_ReadID     dcmi_ov5640.o
    0x0800730a   0x0800730a   0x00000002   PAD
    0x0800730c   0x0800730c   0x00000040   Code   RO          399    i.OV5640_Reset      dcmi_ov5640.o
    0x0800734c   0x0800734c   0x00000050   Code   RO          403    i.OV5640_Set_Framesize  dcmi_ov5640.o
    0x0800739c   0x0800739c   0x000000f6   Code   RO          406    i.OV5640_Set_Pixformat  dcmi_ov5640.o
    0x08007492   0x08007492   0x00000002   Code   RO         1040    i.PendSV_Handler    stm32h7xx_it.o
    0x08007494   0x08007494   0x00000064   Code   RO         4834    i.Precompute_8IntU  app_x-cube-ai.o
    0x080074f8   0x080074f8   0x00000164   Code   RO         1501    i.RCCEx_PLL2_Config  stm32h7xx_hal_rcc_ex.o
    0x0800765c   0x0800765c   0x00000164   Code   RO         1502    i.RCCEx_PLL3_Config  stm32h7xx_hal_rcc_ex.o
    0x080077c0   0x080077c0   0x00000058   Code   RO          895    i.SCCB_ACK          sccb.o
    0x08007818   0x08007818   0x00000026   Code   RO          896    i.SCCB_Delay        sccb.o
    0x0800783e   0x0800783e   0x00000002   PAD
    0x08007840   0x08007840   0x00000090   Code   RO          897    i.SCCB_GPIO_Config  sccb.o
    0x080078d0   0x080078d0   0x0000004c   Code   RO          898    i.SCCB_NoACK        sccb.o
    0x0800791c   0x0800791c   0x00000060   Code   RO          899    i.SCCB_ReadByte     sccb.o
    0x0800797c   0x0800797c   0x00000034   Code   RO          901    i.SCCB_ReadReg_16Bit  sccb.o
    0x080079b0   0x080079b0   0x00000048   Code   RO          902    i.SCCB_Start        sccb.o
    0x080079f8   0x080079f8   0x0000004c   Code   RO          903    i.SCCB_Stop         sccb.o
    0x08007a44   0x08007a44   0x00000060   Code   RO          904    i.SCCB_WaitACK      sccb.o
    0x08007aa4   0x08007aa4   0x00000034   Code   RO          905    i.SCCB_WriteBuffer_16Bit  sccb.o
    0x08007ad8   0x08007ad8   0x0000006c   Code   RO          906    i.SCCB_WriteByte    sccb.o
    0x08007b44   0x08007b44   0x0000002e   Code   RO          908    i.SCCB_WriteHandle_16Bit  sccb.o
    0x08007b72   0x08007b72   0x00000028   Code   RO          910    i.SCCB_WriteReg_16Bit  sccb.o
    0x08007b9a   0x08007b9a   0x000000d6   Code   RO         3765    i.SPI_CloseTransfer  stm32h7xx_hal_spi.o
    0x08007c70   0x08007c70   0x0000001a   Code   RO         3776    i.SPI_GetPacketSize  stm32h7xx_hal_spi.o
    0x08007c8a   0x08007c8a   0x00000002   PAD
    0x08007c8c   0x08007c8c   0x000001b4   Code   RO          647    i.SPI_LCD_Init      lcd_spi_200.o
    0x08007e40   0x08007e40   0x00000042   Code   RO         3783    i.SPI_WaitOnFlagUntilTimeout  stm32h7xx_hal_spi.o
    0x08007e82   0x08007e82   0x00000002   Code   RO         1041    i.SVC_Handler       stm32h7xx_it.o
    0x08007e84   0x08007e84   0x00000008   Code   RO         1042    i.SysTick_Handler   stm32h7xx_it.o
    0x08007e8c   0x08007e8c   0x000000d4   Code   RO           18    i.SystemClock_Config  main.o
    0x08007f60   0x08007f60   0x000000e0   Code   RO         4795    i.SystemInit        system_stm32h7xx.o
    0x08008040   0x08008040   0x00000058   Code   RO         4543    i.UARTEx_SetNbDataToProcess  stm32h7xx_hal_uart_ex.o
    0x08008098   0x08008098   0x000000f8   Code   RO         4147    i.UART_AdvFeatureConfig  stm32h7xx_hal_uart.o
    0x08008190   0x08008190   0x000000ea   Code   RO         4148    i.UART_CheckIdleState  stm32h7xx_hal_uart.o
    0x0800827a   0x0800827a   0x00000002   PAD
    0x0800827c   0x0800827c   0x0000006c   Code   RO         4159    i.UART_EndRxTransfer  stm32h7xx_hal_uart.o
    0x080082e8   0x080082e8   0x00000628   Code   RO         4166    i.UART_SetConfig    stm32h7xx_hal_uart.o
    0x08008910   0x08008910   0x000000a2   Code   RO         4173    i.UART_WaitOnFlagUntilTimeout  stm32h7xx_hal_uart.o
    0x080089b2   0x080089b2   0x00000004   Code   RO         1043    i.UsageFault_Handler  stm32h7xx_it.o
    0x080089b6   0x080089b6   0x00000002   PAD
    0x080089b8   0x080089b8   0x0000006c   Code   RO          648    i._LCD_Char2Ram     lcd_spi_200.o
    0x08008a24   0x08008a24   0x000000a4   Code   RO          649    i._LCD_DisplayChar  lcd_spi_200.o
    0x08008ac8   0x08008ac8   0x00000030   Code   RO          650    i._LCD_DisplayString  lcd_spi_200.o
    0x08008af8   0x08008af8   0x00000054   Code   RO          652    i._LCD_DrawRect     lcd_spi_200.o
    0x08008b4c   0x08008b4c   0x00000020   Code   RO         7406    i.__0printf         mc_w.l(printfa.o)
    0x08008b6c   0x08008b6c   0x00000030   Code   RO         7407    i.__0snprintf       mc_w.l(printfa.o)
    0x08008b9c   0x08008b9c   0x00000028   Code   RO         7408    i.__0sprintf        mc_w.l(printfa.o)
    0x08008bc4   0x08008bc4   0x00000026   Code   RO         7464    i.__ARM_fpclassifyf  m_wv.l(fpclassifyf.o)
    0x08008bea   0x08008bea   0x00000002   PAD
    0x08008bec   0x08008bec   0x00000010   Code   RO         1140    i.__NVIC_GetPriorityGrouping  stm32h7xx_hal_cortex.o
    0x08008bfc   0x08008bfc   0x00000028   Code   RO         1141    i.__NVIC_SetPriority  stm32h7xx_hal_cortex.o
    0x08008c24   0x08008c24   0x000000c8   Code   RO         7144    i.__hardfp_llroundf  m_wv.l(llroundf.o)
    0x08008cec   0x08008cec   0x00000658   Code   RO         7106    i.__hardfp_powf     m_wv.l(powf.o)
    0x08009344   0x08009344   0x00000018   Code   RO         7466    i.__mathlib_flt_divzero  m_wv.l(funder.o)
    0x0800935c   0x0800935c   0x00000006   Code   RO         7468    i.__mathlib_flt_infnan2  m_wv.l(funder.o)
    0x08009362   0x08009362   0x00000002   PAD
    0x08009364   0x08009364   0x00000010   Code   RO         7469    i.__mathlib_flt_invalid  m_wv.l(funder.o)
    0x08009374   0x08009374   0x00000010   Code   RO         7470    i.__mathlib_flt_overflow  m_wv.l(funder.o)
    0x08009384   0x08009384   0x00000010   Code   RO         7472    i.__mathlib_flt_underflow  m_wv.l(funder.o)
    0x08009394   0x08009394   0x0000000e   Code   RO         7539    i.__scatterload_copy  mc_w.l(handlers.o)
    0x080093a2   0x080093a2   0x00000002   Code   RO         7540    i.__scatterload_null  mc_w.l(handlers.o)
    0x080093a4   0x080093a4   0x0000000e   Code   RO         7541    i.__scatterload_zeroinit  mc_w.l(handlers.o)
    0x080093b2   0x080093b2   0x00000002   PAD
    0x080093b4   0x080093b4   0x0000000c   Code   RO         7505    i.__set_errno       mc_w.l(errno.o)
    0x080093c0   0x080093c0   0x00000012   Code   RO         6194    i._ai_forward_layer  NetworkRuntime810_CM7_Keil.lib(layers.o)
    0x080093d2   0x080093d2   0x00000004   Code   RO         5259    i._ai_platform_acquire_crc  NetworkRuntime810_CM7_Keil.lib(ai_platform_interface.o)
    0x080093d6   0x080093d6   0x00000002   PAD
    0x080093d8   0x080093d8   0x000000e0   Code   RO         5260    i._ai_platform_get_io_buffers_info  NetworkRuntime810_CM7_Keil.lib(ai_platform_interface.o)
    0x080094b8   0x080094b8   0x00000002   Code   RO         5261    i._ai_platform_release_crc  NetworkRuntime810_CM7_Keil.lib(ai_platform_interface.o)
    0x080094ba   0x080094ba   0x00000002   PAD
    0x080094bc   0x080094bc   0x000000d4   Code   RO         6113    i._float_to_integer  NetworkRuntime810_CM7_Keil.lib(core_convert.o)
    0x08009590   0x08009590   0x00000184   Code   RO         7413    i._fp_digits        mc_w.l(printfa.o)
    0x08009714   0x08009714   0x0000009c   Code   RO         6114    i._integer_to_float  NetworkRuntime810_CM7_Keil.lib(core_convert.o)
    0x080097b0   0x080097b0   0x000006d4   Code   RO         6381    i._lite_kernel_nl_softmax_is8os8_ch  NetworkRuntime810_CM7_Keil.lib(lite_nl_generic_integer.o)
    0x08009e84   0x08009e84   0x000006d8   Code   RO         6382    i._lite_kernel_nl_softmax_iu8ou8_ch  NetworkRuntime810_CM7_Keil.lib(lite_nl_generic_integer.o)
    0x0800a55c   0x0800a55c   0x0000004a   Code   RO         5262    i._platform_ai_buffer_array_copy  NetworkRuntime810_CM7_Keil.lib(ai_platform_interface.o)
    0x0800a5a6   0x0800a5a6   0x00000002   PAD
    0x0800a5a8   0x0800a5a8   0x00000050   Code   RO         5263    i._platform_get_table_map_from_buffer  NetworkRuntime810_CM7_Keil.lib(ai_platform_interface.o)
    0x0800a5f8   0x0800a5f8   0x00000044   Code   RO         5264    i._platform_get_table_map_from_buffer_array  NetworkRuntime810_CM7_Keil.lib(ai_platform_interface.o)
    0x0800a63c   0x0800a63c   0x00000014   Code   RO         5265    i._platform_network_buffers_signature_valid  NetworkRuntime810_CM7_Keil.lib(ai_platform_interface.o)
    0x0800a650   0x0800a650   0x00000210   Code   RO         5266    i._platform_network_io_bind  NetworkRuntime810_CM7_Keil.lib(ai_platform_interface.o)
    0x0800a860   0x0800a860   0x0000003e   Code   RO         5267    i._platform_network_state_setup  NetworkRuntime810_CM7_Keil.lib(ai_platform_interface.o)
    0x0800a89e   0x0800a89e   0x0000006a   Code   RO         5268    i._platform_network_state_update_input  NetworkRuntime810_CM7_Keil.lib(ai_platform_interface.o)
    0x0800a908   0x0800a908   0x00000080   Code   RO         5269    i._platform_network_state_update_output  NetworkRuntime810_CM7_Keil.lib(ai_platform_interface.o)
    0x0800a988   0x0800a988   0x000006dc   Code   RO         7414    i._printf_core      mc_w.l(printfa.o)
    0x0800b064   0x0800b064   0x00000024   Code   RO         7415    i._printf_post_padding  mc_w.l(printfa.o)
    0x0800b088   0x0800b088   0x0000002e   Code   RO         7416    i._printf_pre_padding  mc_w.l(printfa.o)
    0x0800b0b6   0x0800b0b6   0x00000016   Code   RO         7417    i._snputc           mc_w.l(printfa.o)
    0x0800b0cc   0x0800b0cc   0x0000000a   Code   RO         7418    i._sputc            mc_w.l(printfa.o)
    0x0800b0d6   0x0800b0d6   0x00000002   PAD
    0x0800b0d8   0x0800b0d8   0x00000070   Code   RO         4835    i.acquire_and_process_data  app_x-cube-ai.o
    0x0800b148   0x0800b148   0x0000003c   Code   RO         6157    i.ai_array_get_byte_size  NetworkRuntime810_CM7_Keil.lib(ai_datatypes_format.o)
    0x0800b184   0x0800b184   0x0000001e   Code   RO         6158    i.ai_array_get_data_byte_size  NetworkRuntime810_CM7_Keil.lib(ai_datatypes_format.o)
    0x0800b1a2   0x0800b1a2   0x00000002   PAD
    0x0800b1a4   0x0800b1a4   0x0000012c   Code   RO         6160    i.ai_array_to_buffer_fmt  NetworkRuntime810_CM7_Keil.lib(ai_datatypes_format.o)
    0x0800b2d0   0x0800b2d0   0x000000bc   Code   RO         4836    i.ai_boostrap       app_x-cube-ai.o
    0x0800b38c   0x0800b38c   0x00000024   Code   RO         5243    i.ai_buffer_array_item_set_address  NetworkRuntime810_CM7_Keil.lib(ai_platform.o)
    0x0800b3b0   0x0800b3b0   0x00000012   Code   RO         5244    i.ai_buffer_array_sane  NetworkRuntime810_CM7_Keil.lib(ai_platform.o)
    0x0800b3c2   0x0800b3c2   0x00000002   PAD
    0x0800b3c4   0x0800b3c4   0x00000068   Code   RO         5246    i.ai_buffer_get_size  NetworkRuntime810_CM7_Keil.lib(ai_platform.o)
    0x0800b42c   0x0800b42c   0x0000002c   Code   RO         6195    i.ai_check_custom_types  NetworkRuntime810_CM7_Keil.lib(layers.o)
    0x0800b458   0x0800b458   0x000000c4   Code   RO         4837    i.ai_get_input_quantization_scheme  app_x-cube-ai.o
    0x0800b51c   0x0800b51c   0x000000dc   Code   RO         4838    i.ai_get_input_scale  app_x-cube-ai.o
    0x0800b5f8   0x0800b5f8   0x000001cc   Code   RO         4839    i.ai_get_input_zero_point  app_x-cube-ai.o
    0x0800b7c4   0x0800b7c4   0x00000050   Code   RO         6200    i.ai_layers_forward_all  NetworkRuntime810_CM7_Keil.lib(layers.o)
    0x0800b814   0x0800b814   0x0000001e   Code   RO         6201    i.ai_layers_init_all  NetworkRuntime810_CM7_Keil.lib(layers.o)
    0x0800b832   0x0800b832   0x00000036   Code   RO         6202    i.ai_layers_post_init_all  NetworkRuntime810_CM7_Keil.lib(layers.o)
    0x0800b868   0x0800b868   0x0000008c   Code   RO         4840    i.ai_log_err        app_x-cube-ai.o
    0x0800b8f4   0x0800b8f4   0x00000024   Code   RO         4949    i.ai_network_create  network.o
    0x0800b918   0x0800b918   0x00000082   Code   RO         4950    i.ai_network_create_and_init  network.o
    0x0800b99a   0x0800b99a   0x00000002   PAD
    0x0800b99c   0x0800b99c   0x00000030   Code   RO         5177    i.ai_network_data_params_get  network_data.o
    0x0800b9cc   0x0800b9cc   0x0000000e   Code   RO         4953    i.ai_network_get_error  network.o
    0x0800b9da   0x0800b9da   0x0000003c   Code   RO         4956    i.ai_network_init   network.o
    0x0800ba16   0x0800ba16   0x00000002   PAD
    0x0800ba18   0x0800ba18   0x00000020   Code   RO         4957    i.ai_network_inputs_get  network.o
    0x0800ba38   0x0800ba38   0x00000020   Code   RO         4958    i.ai_network_outputs_get  network.o
    0x0800ba58   0x0800ba58   0x00000014   Code   RO         4959    i.ai_network_run    network.o
    0x0800ba6c   0x0800ba6c   0x000000ae   Code   RO         7009    i.ai_padding_opt_init  NetworkRuntime810_CM7_Keil.lib(st_padding_opt.o)
    0x0800bb1a   0x0800bb1a   0x00000030   Code   RO         7010    i.ai_padding_opt_phase1  NetworkRuntime810_CM7_Keil.lib(st_padding_opt.o)
    0x0800bb4a   0x0800bb4a   0x00000026   Code   RO         6363    i.ai_padding_opt_phase2  NetworkRuntime810_CM7_Keil.lib(forward_lite_conv2d_sssa8_ch.o)
    0x0800bb70   0x0800bb70   0x0000002c   Code   RO         5273    i.ai_platform_bind_network_params  NetworkRuntime810_CM7_Keil.lib(ai_platform_interface.o)
    0x0800bb9c   0x0800bb9c   0x0000001c   Code   RO         5274    i.ai_platform_context_acquire  NetworkRuntime810_CM7_Keil.lib(ai_platform_interface.o)
    0x0800bbb8   0x0800bbb8   0x0000002c   Code   RO         5276    i.ai_platform_get_activations_map  NetworkRuntime810_CM7_Keil.lib(ai_platform_interface.o)
    0x0800bbe4   0x0800bbe4   0x00000028   Code   RO         5277    i.ai_platform_get_weights_map  NetworkRuntime810_CM7_Keil.lib(ai_platform_interface.o)
    0x0800bc0c   0x0800bc0c   0x00000042   Code   RO         5278    i.ai_platform_inputs_get  NetworkRuntime810_CM7_Keil.lib(ai_platform_interface.o)
    0x0800bc4e   0x0800bc4e   0x00000002   PAD
    0x0800bc50   0x0800bc50   0x00000014   Code   RO         5279    i.ai_platform_interface_api_get_version  NetworkRuntime810_CM7_Keil.lib(ai_platform_interface.o)
    0x0800bc64   0x0800bc64   0x000000b4   Code   RO         5280    i.ai_platform_network_create  NetworkRuntime810_CM7_Keil.lib(ai_platform_interface.o)
    0x0800bd18   0x0800bd18   0x0000001c   Code   RO         5282    i.ai_platform_network_get_error  NetworkRuntime810_CM7_Keil.lib(ai_platform_interface.o)
    0x0800bd34   0x0800bd34   0x0000010c   Code   RO         5283    i.ai_platform_network_init  NetworkRuntime810_CM7_Keil.lib(ai_platform_interface.o)
    0x0800be40   0x0800be40   0x00000046   Code   RO         5284    i.ai_platform_network_post_init  NetworkRuntime810_CM7_Keil.lib(ai_platform_interface.o)
    0x0800be86   0x0800be86   0x00000054   Code   RO         5285    i.ai_platform_network_process  NetworkRuntime810_CM7_Keil.lib(ai_platform_interface.o)
    0x0800beda   0x0800beda   0x0000000c   Code   RO         5286    i.ai_platform_network_set_error  NetworkRuntime810_CM7_Keil.lib(ai_platform_interface.o)
    0x0800bee6   0x0800bee6   0x00000048   Code   RO         5292    i.ai_platform_outputs_get  NetworkRuntime810_CM7_Keil.lib(ai_platform_interface.o)
    0x0800bf2e   0x0800bf2e   0x00000002   PAD
    0x0800bf30   0x0800bf30   0x00000064   Code   RO         4841    i.ai_run            app_x-cube-ai.o
    0x0800bf94   0x0800bf94   0x0000000a   Code   RO         5899    i.ai_shape_get_npixels  NetworkRuntime810_CM7_Keil.lib(layers_conv2d_stm32_integer.o)
    0x0800bf9e   0x0800bf9e   0x0000001a   Code   RO         5964    i.ai_shape_get_size  NetworkRuntime810_CM7_Keil.lib(layers_nl_stm32_integer.o)
    0x0800bfb8   0x0800bfb8   0x0000001a   Code   RO         6026    i.ai_shape_get_size  NetworkRuntime810_CM7_Keil.lib(layers_stm32_integer.o)
    0x0800bfd2   0x0800bfd2   0x0000001a   Code   RO         6051    i.ai_shape_get_size  NetworkRuntime810_CM7_Keil.lib(layers_dw_sssa8_ch.o)
    0x0800bfec   0x0800bfec   0x0000001a   Code   RO         6116    i.ai_shape_get_size  NetworkRuntime810_CM7_Keil.lib(core_convert.o)
    0x0800c006   0x0800c006   0x0000002e   Code   RO         6027    i.ai_shape_is_same  NetworkRuntime810_CM7_Keil.lib(layers_stm32_integer.o)
    0x0800c034   0x0800c034   0x0000001e   Code   RO         6028    i.ai_shape_is_scalar  NetworkRuntime810_CM7_Keil.lib(layers_stm32_integer.o)
    0x0800c052   0x0800c052   0x00000002   PAD
    0x0800c054   0x0800c054   0x0000039e   Code   RO         5553    i.ai_sum_buffer_INT8  NetworkRuntime810_CM7_Keil.lib(ai_math_helpers.o)
    0x0800c3f2   0x0800c3f2   0x00000012   Code   RO         5562    i.ai_sum_f32        NetworkRuntime810_CM7_Keil.lib(ai_math_helpers.o)
    0x0800c404   0x0800c404   0x0000000c   Code   RO         6181    i.ai_version_get    NetworkRuntime810_CM7_Keil.lib(ai_datatypes_internal.o)
    0x0800c410   0x0800c410   0x00000094   Code   RO         6725    i.align_factor      NetworkRuntime810_CM7_Keil.lib(st_convolve_reference.o)
    0x0800c4a4   0x0800c4a4   0x0000004c   Code   RO         6726    i.align_factor_ch   NetworkRuntime810_CM7_Keil.lib(st_convolve_reference.o)
    0x0800c4f0   0x0800c4f0   0x000000f0   Code   RO         6771    i.arm_float_to_q15  NetworkRuntime810_CM7_Keil.lib(arm_float_to_q15.o)
    0x0800c5e0   0x0800c5e0   0x000000fc   Code   RO         6763    i.arm_float_to_q7   NetworkRuntime810_CM7_Keil.lib(arm_float_to_q7.o)
    0x0800c6dc   0x0800c6dc   0x0000008c   Code   RO         6795    i.arm_q15_to_float  NetworkRuntime810_CM7_Keil.lib(arm_q15_to_float.o)
    0x0800c768   0x0800c768   0x0000008c   Code   RO         6779    i.arm_q7_to_float   NetworkRuntime810_CM7_Keil.lib(arm_q7_to_float.o)
    0x0800c7f4   0x0800c7f4   0x0000015c   Code   RO         6249    i.core_compute_offsets  NetworkRuntime810_CM7_Keil.lib(core_utils.o)
    0x0800c950   0x0800c950   0x00000060   Code   RO         6250    i.core_get_broadcasted_shape  NetworkRuntime810_CM7_Keil.lib(core_utils.o)
    0x0800c9b0   0x0800c9b0   0x0000000c   Code   RO         6229    i.core_get_error    NetworkRuntime810_CM7_Keil.lib(core_common.o)
    0x0800c9bc   0x0800c9bc   0x00000004   Code   RO         6230    i.core_init         NetworkRuntime810_CM7_Keil.lib(core_common.o)
    0x0800c9c0   0x0800c9c0   0x0000000c   Code   RO         6052    i.core_nl_get_params  NetworkRuntime810_CM7_Keil.lib(layers_dw_sssa8_ch.o)
    0x0800c9cc   0x0800c9cc   0x0000000c   Code   RO         6086    i.core_nl_get_params  NetworkRuntime810_CM7_Keil.lib(layers_pw_sssa8_ch.o)
    0x0800c9d8   0x0800c9d8   0x00000012   Code   RO         6053    i.core_nl_get_params_ptr  NetworkRuntime810_CM7_Keil.lib(layers_dw_sssa8_ch.o)
    0x0800c9ea   0x0800c9ea   0x00000012   Code   RO         6087    i.core_nl_get_params_ptr  NetworkRuntime810_CM7_Keil.lib(layers_pw_sssa8_ch.o)
    0x0800c9fc   0x0800c9fc   0x0000001a   Code   RO         6231    i.core_set_error    NetworkRuntime810_CM7_Keil.lib(core_common.o)
    0x0800ca16   0x0800ca16   0x000000b0   Code   RO         5993    i.forward_ap_integer_INT8  NetworkRuntime810_CM7_Keil.lib(layers_pool_stm32_integer.o)
    0x0800cac6   0x0800cac6   0x00000002   PAD
    0x0800cac8   0x0800cac8   0x0000028c   Code   RO         6103    i.forward_conv2d_rgb_sssa8_ch  NetworkRuntime810_CM7_Keil.lib(layers_conv2d_rgb_sssa8_ch.o)
    0x0800cd54   0x0800cd54   0x000001b8   Code   RO         5918    i.forward_dense_integer_SSSA  NetworkRuntime810_CM7_Keil.lib(layers_conv2d_stm32_integer.o)
    0x0800cf0c   0x0800cf0c   0x00000260   Code   RO         6056    i.forward_dw_3x3_sssa8_ch  NetworkRuntime810_CM7_Keil.lib(layers_dw_sssa8_ch.o)
    0x0800d16c   0x0800d16c   0x00000364   Code   RO         6033    i.forward_eltwise_integer_INT8  NetworkRuntime810_CM7_Keil.lib(layers_stm32_integer.o)
    0x0800d4d0   0x0800d4d0   0x00000380   Code   RO         6367    i.forward_lite_conv2d_rgb_sssa8_ch  NetworkRuntime810_CM7_Keil.lib(forward_lite_conv2d_sssa8_ch.o)
    0x0800d850   0x0800d850   0x00000432   Code   RO         6337    i.forward_lite_dw_3x3_sssa8_ch  NetworkRuntime810_CM7_Keil.lib(forward_lite_dw_sssa8_ch.o)
    0x0800dc82   0x0800dc82   0x0000004a   Code   RO         6383    i.forward_lite_nl_softmax_is8os8  NetworkRuntime810_CM7_Keil.lib(lite_nl_generic_integer.o)
    0x0800dccc   0x0800dccc   0x0000004a   Code   RO         6384    i.forward_lite_nl_softmax_iu8ou8  NetworkRuntime810_CM7_Keil.lib(lite_nl_generic_integer.o)
    0x0800dd16   0x0800dd16   0x0000004a   Code   RO         6275    i.forward_lite_node_convert_integer_is8ou8  NetworkRuntime810_CM7_Keil.lib(forward_lite_convert.o)
    0x0800dd60   0x0800dd60   0x0000004a   Code   RO         6276    i.forward_lite_node_convert_integer_is8ou8_fast  NetworkRuntime810_CM7_Keil.lib(forward_lite_convert.o)
    0x0800ddaa   0x0800ddaa   0x00000002   PAD
    0x0800ddac   0x0800ddac   0x00000060   Code   RO         6278    i.forward_lite_node_convert_integer_iu8os8  NetworkRuntime810_CM7_Keil.lib(forward_lite_convert.o)
    0x0800de0c   0x0800de0c   0x00000052   Code   RO         6279    i.forward_lite_node_convert_integer_iu8os8_fast  NetworkRuntime810_CM7_Keil.lib(forward_lite_convert.o)
    0x0800de5e   0x0800de5e   0x0000004a   Code   RO         6280    i.forward_lite_node_convert_integer_iu8ou8  NetworkRuntime810_CM7_Keil.lib(forward_lite_convert.o)
    0x0800dea8   0x0800dea8   0x00000110   Code   RO         6827    i.forward_lite_pad_8bit_ch1st_3x3_constant  NetworkRuntime810_CM7_Keil.lib(forward_lite_pad_generic.o)
    0x0800dfb8   0x0800dfb8   0x000000e8   Code   RO         6828    i.forward_lite_pad_constant  NetworkRuntime810_CM7_Keil.lib(forward_lite_pad_generic.o)
    0x0800e0a0   0x0800e0a0   0x000000a8   Code   RO         6829    i.forward_lite_pad_edge  NetworkRuntime810_CM7_Keil.lib(forward_lite_pad_generic.o)
    0x0800e148   0x0800e148   0x000000ec   Code   RO         6830    i.forward_lite_pad_reflect  NetworkRuntime810_CM7_Keil.lib(forward_lite_pad_generic.o)
    0x0800e234   0x0800e234   0x0000010a   Code   RO         6355    i.forward_lite_pw_sssa8_ch  NetworkRuntime810_CM7_Keil.lib(forward_lite_pw_sssa8_ch.o)
    0x0800e33e   0x0800e33e   0x00000022   Code   RO         5827    i.forward_pad       NetworkRuntime810_CM7_Keil.lib(layers_generic_float.o)
    0x0800e360   0x0800e360   0x00000078   Code   RO         6218    i.forward_pad_8bit_ch1st_3x3_constant  NetworkRuntime810_CM7_Keil.lib(layers_pad_generic.o)
    0x0800e3d8   0x0800e3d8   0x000000b4   Code   RO         6219    i.forward_pad_constant  NetworkRuntime810_CM7_Keil.lib(layers_pad_generic.o)
    0x0800e48c   0x0800e48c   0x0000009e   Code   RO         6220    i.forward_pad_edge  NetworkRuntime810_CM7_Keil.lib(layers_pad_generic.o)
    0x0800e52a   0x0800e52a   0x000000d8   Code   RO         6221    i.forward_pad_reflect  NetworkRuntime810_CM7_Keil.lib(layers_pad_generic.o)
    0x0800e602   0x0800e602   0x00000002   PAD
    0x0800e604   0x0800e604   0x000002b4   Code   RO         6088    i.forward_pw_sssa8_ch  NetworkRuntime810_CM7_Keil.lib(layers_pw_sssa8_ch.o)
    0x0800e8b8   0x0800e8b8   0x000000c8   Code   RO         5969    i.forward_sm_integer  NetworkRuntime810_CM7_Keil.lib(layers_nl_stm32_integer.o)
    0x0800e980   0x0800e980   0x0000001c   Code   RO          330    i.fputc             usart.o
    0x0800e99c   0x0800e99c   0x00000002   Code   RO         6064    i.func_dummy        NetworkRuntime810_CM7_Keil.lib(layers_dw_sssa8_ch.o)
    0x0800e99e   0x0800e99e   0x00000002   Code   RO         6090    i.func_dummy        NetworkRuntime810_CM7_Keil.lib(layers_pw_sssa8_ch.o)
    0x0800e9a0   0x0800e9a0   0x00000002   Code   RO         6104    i.func_dummy        NetworkRuntime810_CM7_Keil.lib(layers_conv2d_rgb_sssa8_ch.o)
    0x0800e9a2   0x0800e9a2   0x00000002   PAD
    0x0800e9a4   0x0800e9a4   0x00000028   Code   RO         6182    i.get_tensor_byte_size  NetworkRuntime810_CM7_Keil.lib(ai_datatypes_internal.o)
    0x0800e9cc   0x0800e9cc   0x00000354   Code   RO           19    i.main              main.o
    0x0800ed20   0x0800ed20   0x000009fc   Code   RO         4960    i.network_configure_activations  network.o
    0x0800f71c   0x0800f71c   0x00000b9c   Code   RO         4961    i.network_configure_weights  network.o
    0x080102b8   0x080102b8   0x0000013e   Code   RO         6118    i.node_convert      NetworkRuntime810_CM7_Keil.lib(core_convert.o)
    0x080103f6   0x080103f6   0x00000002   PAD
    0x080103f8   0x080103f8   0x000001f8   Code   RO         6123    i.node_convert_integer  NetworkRuntime810_CM7_Keil.lib(core_convert.o)
    0x080105f0   0x080105f0   0x000000d4   Code   RO         6000    i.pool_func_ap_array_integer_INT8  NetworkRuntime810_CM7_Keil.lib(layers_pool_stm32_integer.o)
    0x080106c4   0x080106c4   0x000000a8   Code   RO         4842    i.post_process      app_x-cube-ai.o
    0x0801076c   0x0801076c   0x00000106   Code   RO         6340    i.st_dw_sssa8_ch_Wadapt  NetworkRuntime810_CM7_Keil.lib(forward_lite_dw_sssa8_ch.o)
    0x08010872   0x08010872   0x00000002   PAD
    0x08010874   0x08010874   0x0000015c   Code   RO         6681    i.st_int8_avepool   NetworkRuntime810_CM7_Keil.lib(st_int8_pool.o)
    0x080109d0   0x080109d0   0x00000084   Code   RO         6753    i.st_int8_copy      NetworkRuntime810_CM7_Keil.lib(st_int8_fill.o)
    0x08010a54   0x08010a54   0x0000005c   Code   RO         6754    i.st_int8_fill      NetworkRuntime810_CM7_Keil.lib(st_int8_fill.o)
    0x08010ab0   0x08010ab0   0x0000004e   Code   RO         6972    i.st_int8_reordered_no_shift_zero  NetworkRuntime810_CM7_Keil.lib(st_int8_reordered_no_shift.o)
    0x08010afe   0x08010afe   0x00000002   PAD
    0x08010b00   0x08010b00   0x00000250   Code   RO         7019    i.st_int8_to16_dual  NetworkRuntime810_CM7_Keil.lib(st_int8_to16_no_shift.o)
    0x08010d50   0x08010d50   0x00000044   Code   RO         6869    i.st_sssa8_ch_1_output_mgt  NetworkRuntime810_CM7_Keil.lib(st_sssa8_ch_nn_mat_mult_nt_t.o)
    0x08010d94   0x08010d94   0x0000007a   Code   RO         6870    i.st_sssa8_ch_2_output_mgt  NetworkRuntime810_CM7_Keil.lib(st_sssa8_ch_nn_mat_mult_nt_t.o)
    0x08010e0e   0x08010e0e   0x00000002   PAD
    0x08010e10   0x08010e10   0x000000a8   Code   RO         6484    i.st_sssa8_ch_convolve_rank1upd  NetworkRuntime810_CM7_Keil.lib(st_sssa8_ch_convolve.o)
    0x08010eb8   0x08010eb8   0x00000056   Code   RO         6871    i.st_sssa8_ch_fullW_prefetch  NetworkRuntime810_CM7_Keil.lib(st_sssa8_ch_nn_mat_mult_nt_t.o)
    0x08010f0e   0x08010f0e   0x00000002   PAD
    0x08010f10   0x08010f10   0x0000070e   Code   RO         6897    i.st_sssa8_ch_nn_mat_mult_kernel_opt  NetworkRuntime810_CM7_Keil.lib(st_sssa8_ch_nn_mat_mult_kernel_opt.o)
    0x0801161e   0x0801161e   0x00000002   PAD
    0x08011620   0x08011620   0x0000038a   Code   RO         6898    i.st_sssa8_ch_nn_mat_mult_kernel_single_opt  NetworkRuntime810_CM7_Keil.lib(st_sssa8_ch_nn_mat_mult_kernel_opt.o)
    0x080119aa   0x080119aa   0x00000002   PAD
    0x080119ac   0x080119ac   0x0000066e   Code   RO         6875    i.st_sssa8_ch_nn_mat_mult_nt_t  NetworkRuntime810_CM7_Keil.lib(st_sssa8_ch_nn_mat_mult_nt_t.o)
    0x0801201a   0x0801201a   0x00000002   PAD
    0x0801201c   0x0801201c   0x0000043e   Code   RO         6473    i.st_sssa8_fully_connected  NetworkRuntime810_CM7_Keil.lib(st_sssa8_dense.o)
    0x0801245a   0x0801245a   0x00000002   PAD
    0x0801245c   0x0801245c   0x00000190   Code   RO         6876    i.weights_2channels_prefetch  NetworkRuntime810_CM7_Keil.lib(st_sssa8_ch_nn_mat_mult_nt_t.o)
    0x080125ec   0x080125ec   0x0000008a   Code   RO         6878    i.weights_offset_contribution_calc  NetworkRuntime810_CM7_Keil.lib(st_sssa8_ch_nn_mat_mult_nt_t.o)
    0x08012676   0x08012676   0x00001415   Data   RO          409    .constdata          dcmi_ov5640.o
    0x08013a8b   0x08013a8b   0x00006824   Data   RO          583    .constdata          lcd_fonts.o
    0x0801a2af   0x0801a2af   0x00000008   Data   RO         2110    .constdata          stm32h7xx_hal_dma.o
    0x0801a2b7   0x0801a2b7   0x00000001   PAD
    0x0801a2b8   0x0801a2b8   0x00000018   Data   RO         4174    .constdata          stm32h7xx_hal_uart.o
    0x0801a2d0   0x0801a2d0   0x00000010   Data   RO         4545    .constdata          stm32h7xx_hal_uart_ex.o
    0x0801a2e0   0x0801a2e0   0x00000010   Data   RO         4796    .constdata          system_stm32h7xx.o
    0x0801a2f0   0x0801a2f0   0x00000004   Data   RO         4845    .constdata          app_x-cube-ai.o
    0x0801a2f4   0x0801a2f4   0x00000004   PAD
    0x0801a2f8   0x0801a2f8   0x00008178   Data   RO         4963    .constdata          network.o
    0x08022470   0x08022470   0x00000068   Data   RO         5180    .constdata          network_data.o
    0x080224d8   0x080224d8   0x00000008   PAD
    0x080224e0   0x080224e0   0x0006c048   Data   RO         5227    .constdata          network_data_params.o
    0x0808e528   0x0808e528   0x0000006c   Data   RO         5295    .constdata          NetworkRuntime810_CM7_Keil.lib(ai_platform_interface.o)
    0x0808e594   0x0808e594   0x00000150   Data   RO         6035    .constdata          NetworkRuntime810_CM7_Keil.lib(layers_stm32_integer.o)
    0x0808e6e4   0x0808e6e4   0x0000001c   Data   RO         6255    .constdata          NetworkRuntime810_CM7_Keil.lib(core_utils.o)
    0x0808e700   0x0808e700   0x00000140   Data   RO         7109    .constdata          m_wv.l(powf.o)
    0x0808e840   0x0808e840   0x0000000f   Data   RO         4846    .conststring        app_x-cube-ai.o
    0x0808e84f   0x0808e84f   0x00000001   PAD
    0x0808e850   0x0808e850   0x00000061   Data   RO         4964    .conststring        network.o
    0x0808e8b1   0x0808e8b1   0x00000003   PAD
    0x0808e8b4   0x0808e8b4   0x00000030   Data   RO         7537    Region$$Table       anon$$obj.o


    Execution Region RW_IRAM1 (Exec base: 0x20000000, Load base: 0x0808e8e4, Size: 0x00012250, Max: 0x00020000, ABSOLUTE, COMPRESSED[0x0000197c])

    Exec Addr    Load Addr    Size         Type   Attr      Idx    E Section Name        Object

    0x20000000   COMPRESSED   0x00000009   Data   RW          410    .data               dcmi_ov5640.o
    0x20000009   COMPRESSED   0x00000003   PAD
    0x2000000c   COMPRESSED   0x00000078   Data   RW          584    .data               lcd_fonts.o
    0x20000084   COMPRESSED   0x00000008   Data   RW          655    .data               lcd_spi_200.o
    0x2000008c   COMPRESSED   0x00000009   Data   RW         2842    .data               stm32h7xx_hal.o
    0x20000095   COMPRESSED   0x00000003   PAD
    0x20000098   COMPRESSED   0x00000008   Data   RW         4797    .data               system_stm32h7xx.o
    0x200000a0   COMPRESSED   0x00000024   Data   RW         4847    .data               app_x-cube-ai.o
    0x200000c4   COMPRESSED   0x00004dbc   Data   RW         4965    .data               network.o
    0x20004e80   COMPRESSED   0x00000058   Data   RW         5181    .data               network_data.o
    0x20004ed8   COMPRESSED   0x00000004   Data   RW         7494    .data               mc_w.l(stdout.o)
    0x20004edc   COMPRESSED   0x00000004   Data   RW         7506    .data               mc_w.l(errno.o)
    0x20004ee0        -       0x00000040   Zero   RW           21    .bss                main.o
    0x20004f20        -       0x00000024   Zero   RW          288    .bss                crc.o
    0x20004f44        -       0x00000094   Zero   RW          331    .bss                usart.o
    0x20004fd8        -       0x000000c8   Zero   RW          408    .bss                dcmi_ov5640.o
    0x200050a0        -       0x00000898   Zero   RW          654    .bss                lcd_spi_200.o
    0x20005938   COMPRESSED   0x00000008   PAD
    0x20005940        -       0x0000be94   Zero   RW         4844    .bss                app_x-cube-ai.o
    0x200117d4        -       0x00000278   Zero   RW         4962    .bss                network.o
    0x20011a4c   COMPRESSED   0x00000004   PAD
    0x20011a50        -       0x00000800   Zero   RW            1    STACK               startup_stm32h723xx.o


    Execution Region RW_IRAM2 (Exec base: 0x24000000, Load base: 0x08090260, Size: 0x00030c0c, Max: 0x00080000, ABSOLUTE, COMPRESSED[0x00000620])

    Exec Addr    Load Addr    Size         Type   Attr      Idx    E Section Name        Object

    0x24000000   COMPRESSED   0x0002a000   Data   RW           20    .RAM_D1             main.o
    0x2402a000   COMPRESSED   0x00006c0c   Data   RW         4843    .RAM_D1             app_x-cube-ai.o


==============================================================================

Image component sizes


      Code (inc. data)   RO Data    RW Data    ZI Data      Debug   Object Name

      1896        484         19      27696      48788      10515   app_x-cube-ai.o
       100         18          0          0         36       1803   crc.o
      1696        232       5141          9        200      12641   dcmi_ov5640.o
       200          8          0          0          0       1207   gpio.o
         0          0      26660        120          0       2131   lcd_fonts.o
      2820        148          0          8       2200      17418   lcd_spi_200.o
      1762        188          0     172032         64    1211920   main.o
      5852        806      33241      19900        632      79492   network.o
        48          6        104         88          0      15865   network_data.o
         0          0     442440          0          0        966   network_data_params.o
       984         42          0          0          0       8594   sccb.o
        36          8        716          0       2048        880   startup_stm32h723xx.o
       260         48          0          9          0      24017   stm32h7xx_hal.o
       510         38          0          0          0      42789   stm32h7xx_hal_cortex.o
       132          4          0          0          0       1335   stm32h7xx_hal_crc.o
       112          0          0          0          0       1431   stm32h7xx_hal_crc_ex.o
       996         18          0          0          0       7518   stm32h7xx_hal_dcmi.o
      7406        144          8          0          0      12482   stm32h7xx_hal_dma.o
      1780         40          0          0          0       3917   stm32h7xx_hal_dma_ex.o
       544         50          0          0          0       3764   stm32h7xx_hal_gpio.o
        36          4          0          0          0       1022   stm32h7xx_hal_msp.o
        96          6          0          0          0        817   stm32h7xx_hal_pwr_ex.o
      3388        110          0          0          0       7240   stm32h7xx_hal_rcc.o
      5140        112          0          0          0       7645   stm32h7xx_hal_rcc_ex.o
      1462         12          0          0          0       5346   stm32h7xx_hal_spi.o
      2642        132         24          0          0      27110   stm32h7xx_hal_uart.o
       354         10         16          0          0       4001   stm32h7xx_hal_uart_ex.o
        66         12          0          0          0       5707   stm32h7xx_it.o
       224         32         16          8          0       1530   system_stm32h7xx.o
       292         28          0          0        148       3954   usart.o

    ----------------------------------------------------------------------
     40874       2740     508450     219876      54128    1525057   Object Totals
         0          0         48          0          0          0   (incl. Generated)
        40          0         17          6         12          0   (incl. Padding)

    ----------------------------------------------------------------------

      Code (inc. data)   RO Data    RW Data    ZI Data      Debug   Library Member Name

       390         54          0          0          0        368   ai_datatypes_format.o
        52          6          0          0          0        244   ai_datatypes_internal.o
       944          0          0          0          0        256   ai_math_helpers.o
       158          8          0          0          0        368   ai_platform.o
      2748        110        108          0          0       3396   ai_platform_interface.o
       240          4          0          0          0        124   arm_float_to_q15.o
       252          4          0          0          0        124   arm_float_to_q7.o
       140          4          0          0          0        124   arm_q15_to_float.o
       140          4          0          0          0        124   arm_q7_to_float.o
        42          0          0          0          0        348   core_common.o
      1216         22          0          0          0        696   core_convert.o
       444          4         28          0          0        276   core_utils.o
       934          0          0          0          0        264   forward_lite_conv2d_sssa8_ch.o
       400          6          0          0          0        608   forward_lite_convert.o
      1336          0          0          0          0        288   forward_lite_dw_sssa8_ch.o
       908          0          0          0          0        584   forward_lite_pad_generic.o
       266          0          0          0          0        144   forward_lite_pw_sssa8_ch.o
       226          6          0          0          0        628   layers.o
       654         10          0          0          0        288   layers_conv2d_rgb_sssa8_ch.o
       450          6          0          0          0        260   layers_conv2d_stm32_integer.o
       666          8          0          0          0        624   layers_dw_sssa8_ch.o
        34          0          0          0          0        116   layers_generic_float.o
       226          4          0          0          0        260   layers_nl_stm32_integer.o
       674          0          0          0          0        556   layers_pad_generic.o
       388          6          0          0          0        288   layers_pool_stm32_integer.o
       724         10          0          0          0        520   layers_pw_sssa8_ch.o
       970         14        336          0          0        504   layers_stm32_integer.o
      3648        102          0          0          0        584   lite_nl_generic_integer.o
       224          8          0          0          0        256   st_convolve_reference.o
       224          0          0          0          0        256   st_int8_fill.o
       348          4          0          0          0        148   st_int8_pool.o
        78          0          0          0          0        132   st_int8_reordered_no_shift.o
       592          0          0          0          0        148   st_int8_to16_no_shift.o
       222          0          0          0          0        248   st_padding_opt.o
       168          0          0          0          0        140   st_sssa8_ch_convolve.o
      2712          0          0          0          0        296   st_sssa8_ch_nn_mat_mult_kernel_opt.o
      2460          0          0          0          0        828   st_sssa8_ch_nn_mat_mult_nt_t.o
      1086          0          0          0          0        148   st_sssa8_dense.o
        38          0          0          0          0        116   fpclassifyf.o
        78         28          0          0          0        580   funder.o
       200          6          0          0          0        144   llroundf.o
      1624        130        320          0          0        400   powf.o
        86          0          0          0          0          0   __dczerorl2.o
         0          0          0          0          0          0   entry.o
         0          0          0          0          0          0   entry10a.o
         0          0          0          0          0          0   entry11a.o
         8          4          0          0          0          0   entry2.o
         4          0          0          0          0          0   entry5.o
         0          0          0          0          0          0   entry7b.o
         0          0          0          0          0          0   entry8b.o
         8          4          0          0          0          0   entry9a.o
        12          6          0          4          0         68   errno.o
        30          0          0          0          0          0   handlers.o
        36          8          0          0          0         68   init.o
         0          0          0          0          0          0   iusefp.o
        98          0          0          0          0         84   ldiv.o
        30          0          0          0          0         68   llshl.o
        36          0          0          0          0         68   llsshr.o
        32          0          0          0          0         68   llushr.o
        26          0          0          0          0         80   memcmp.o
        36          0          0          0          0         68   memcpya.o
        36          0          0          0          0        108   memseta.o
      2378        100          0          0          0        756   printfa.o
         0          0          0          4          0          0   stdout.o
        14          0          0          0          0         68   strlen.o
        44          0          0          0          0         80   uidiv.o
        98          0          0          0          0         92   uldiv.o
        48          0          0          0          0         68   cdrcmple.o
       334          0          0          0          0        148   dadd.o
       222          0          0          0          0        100   ddiv.o
       186          0          0          0          0        176   depilogue.o
        48          0          0          0          0         68   dfixul.o
       228          0          0          0          0         96   dmul.o
       110          0          0          0          0        168   fepilogue.o
        66          0          0          0          0         76   ffixl.o
       100          0          0          0          0         80   ffixlr.o
         4          0          0          0          0         68   fpstat.o
        60          0          0          0          0         76   frnd.o

    ----------------------------------------------------------------------
     33792        690        792          8          0      19604   Library Totals
        50          0          0          0          0          0   (incl. Padding)

    ----------------------------------------------------------------------

      Code (inc. data)   RO Data    RW Data    ZI Data      Debug   Library Name

     27384        404        472          0          0      15564   NetworkRuntime810_CM7_Keil.lib
      1940        164        320          0          0       1240   m_wv.l
      3012        122          0          8          0       1676   mc_w.l
      1406          0          0          0          0       1124   mf_w.l

    ----------------------------------------------------------------------
     33792        690        792          8          0      19604   Library Totals

    ----------------------------------------------------------------------

==============================================================================


      Code (inc. data)   RO Data    RW Data    ZI Data      Debug   

     74666       3430     509242     219884      54128    1515637   Grand Totals
     74666       3430     509242       8092      54128    1515637   ELF Image Totals (compressed)
     74666       3430     509242       8092          0          0   ROM Totals

==============================================================================

    Total RO  Size (Code + RO Data)               583908 ( 570.22kB)
    Total RW  Size (RW Data + ZI Data)            274012 ( 267.59kB)
    Total ROM Size (Code + RO Data + RW Data)     592000 ( 578.13kB)

==============================================================================

